<html>
<body>
<pre>
<h1>礦ision Build Log</h1>
<h2>Tool Versions:</h2>
IDE-Version: μVision V5.29.0.0
Copyright (C) 2019 ARM Ltd and ARM Germany GmbH. All rights reserved.
License Information: 1111 1111, 1111, LIC=LSNXV-PJ9VD-MMP9I-T3MHZ-G19VU-1VP4P
 
Tool Versions:
Toolchain:       MDK-ARM Plus  Version: 5.29.0.0
Toolchain Path:  E:\Keil5\ARM\ARMCC\Bin
C Compiler:      Armcc.exe V5.06 update 6 (build 750)
Assembler:       Armasm.exe V5.06 update 6 (build 750)
Linker/Locator:  ArmLink.exe V5.06 update 6 (build 750)
Library Manager: ArmAr.exe V5.06 update 6 (build 750)
Hex Converter:   FromElf.exe V5.06 update 6 (build 750)
CPU DLL:         SARMCM3.DLL V5.29.0.0
Dialog DLL:      DCM.DLL V1.17.3.0
Target DLL:      CMSIS_AGDI.dll V1.32.0.0
Dialog DLL:      TCM.DLL V1.36.5.0
 
<h2>Project:</h2>
F:\寒假学习小车\学习资料\运动 -机械臂\STM32F407.uvprojx
Project File Date:  03/29/2024

<h2>Output:</h2>
*** Using Compiler 'V5.06 update 6 (build 750)', folder: 'E:\Keil5\ARM\ARMCC\Bin'
Rebuild target 'Target 1'
assembling startup_stm32f40_41xxx.s...
compiling misc.c...
compiling stm32f4xx_cec.c...
compiling stm32f4xx_cryp_des.c...
compiling system_stm32f4xx.c...
compiling stm32f4xx_dac.c...
compiling stm32f4xx_cryp_tdes.c...
compiling stm32f4xx_crc.c...
compiling stm32f4xx_cryp.c...
compiling stm32f4xx_can.c...
compiling stm32f4xx_adc.c...
compiling stm32f4xx_cryp_aes.c...
compiling stm32f4xx_dfsdm.c...
compiling stm32f4xx_dbgmcu.c...
compiling stm32f4xx_dsi.c...
compiling stm32f4xx_dcmi.c...
compiling stm32f4xx_fmpi2c.c...
compiling stm32f4xx_dma2d.c...
compiling stm32f4xx_flash_ramfunc.c...
compiling stm32f4xx_exti.c...
compiling stm32f4xx_fsmc.c...
compiling stm32f4xx_dma.c...
compiling stm32f4xx_flash.c...
compiling stm32f4xx_hash.c...
compiling stm32f4xx_i2c.c...
compiling stm32f4xx_gpio.c...
compiling stm32f4xx_hash_md5.c...
compiling stm32f4xx_lptim.c...
compiling stm32f4xx_iwdg.c...
compiling stm32f4xx_ltdc.c...
compiling stm32f4xx_hash_sha1.c...
compiling stm32f4xx_pwr.c...
compiling stm32f4xx_qspi.c...
compiling stm32f4xx_rcc.c...
compiling stm32f4xx_rng.c...
compiling stm32f4xx_spdifrx.c...
compiling stm32f4xx_sdio.c...
compiling stm32f4xx_syscfg.c...
compiling stm32f4xx_spi.c...
compiling stm32f4xx_sai.c...
compiling stm32f4xx_rtc.c...
compiling stm32f4xx_usart.c...
compiling stm32f4xx_wwdg.c...
compiling stm32f4xx_it.c...
compiling stm32f4xx_tim.c...
compiling GlobalFunction.c...
compiling delay.c...
compiling Timer.c...
compiling main.c...
User\Motor.h(35): warning:  #1295-D: Deprecated declaration MOTOR_Init - give arg types
  void MOTOR_Init();
User\Encoder.h(6): warning:  #1295-D: Deprecated declaration TIM_Encoder_Init - give arg types
  void TIM_Encoder_Init();
.\Hardware\Ano.h(17): warning:  #1-D: last line of file ends without a newline
  #endif
User\main.c: 3 warnings, 0 errors
compiling Encoder.c...
User\Encoder.c(8): warning:  #1295-D: Deprecated declaration TIM1_Encoder_Init - give arg types
  void  TIM1_Encoder_Init();
User\Encoder.c(9): warning:  #1295-D: Deprecated declaration TIM2_Encoder_Init - give arg types
  void  TIM2_Encoder_Init();
User\Encoder.c(10): warning:  #1295-D: Deprecated declaration TIM4_Encoder_Init - give arg types
  void  TIM4_Encoder_Init();
User\Encoder.c(11): warning:  #1295-D: Deprecated declaration TIM3_Encoder_Init - give arg types
  void  TIM3_Encoder_Init();
User\Encoder.c: 4 warnings, 0 errors
compiling Motor.c...
User\Encoder.h(6): warning:  #1295-D: Deprecated declaration TIM_Encoder_Init - give arg types
  void TIM_Encoder_Init();
User\Motor.h(35): warning:  #1295-D: Deprecated declaration MOTOR_Init - give arg types
  void MOTOR_Init();
User\Motor.c: 2 warnings, 0 errors
compiling PID.c...
User\Motor.h(35): warning:  #1295-D: Deprecated declaration MOTOR_Init - give arg types
  void MOTOR_Init();
User\PID.c: 1 warning, 0 errors
compiling protocol.c...
User\motor.h(35): warning:  #1295-D: Deprecated declaration MOTOR_Init - give arg types
  void MOTOR_Init();
User\protocol.c: 1 warning, 0 errors
compiling OLED.c...
compiling Serial.c...
Hardware\Ano.h(17): warning:  #1-D: last line of file ends without a newline
  #endif
Hardware\Serial.c: 1 warning, 0 errors
compiling Ano.c...
Hardware\Ano.h(17): warning:  #1-D: last line of file ends without a newline
  #endif
.\User\Motor.h(35): warning:  #1295-D: Deprecated declaration MOTOR_Init - give arg types
  void MOTOR_Init();
Hardware\Ano.c: 2 warnings, 0 errors
compiling fashion_star_uart_servo.c...
compiling ring_buffer.c...
linking...
Program Size: Code=12154 RO-data=1946 RW-data=188 ZI-data=6124  
".\Objects\UART.axf" - 0 Error(s), 14 Warning(s).

<h2>Software Packages used:</h2>

Package Vendor: Keil
                http://www.keil.com/pack/Keil.STM32F4xx_DFP.2.11.0.pack
                Keil.STM32F4xx_DFP.2.11.0
                STMicroelectronics STM32F4 Series Device Support, Drivers and Examples

<h2>Collection of Component include folders:</h2>
  .\RTE\_Target_1
  E:\Keil5\Keil\STM32F4xx_DFP\2.11.0\Drivers\CMSIS\Device\ST\STM32F4xx\Include

<h2>Collection of Component Files used:</h2>
Build Time Elapsed:  00:00:13
</pre>
</body>
</html>
