Component: ARM Compiler 5.06 update 6 (build 750) Tool: armlink [4d35ed]

==============================================================================

Section Cross References

    system_stm32f4xx.o(i.SystemCoreClockUpdate) refers to system_stm32f4xx.o(.data) for SystemCoreClock
    system_stm32f4xx.o(i.SystemInit) refers to system_stm32f4xx.o(i.SetSysClock) for SetSysClock
    startup_stm32f40_41xxx.o(STACK) refers (Special) to heapauxi.o(.text) for __use_two_region_memory
    startup_stm32f40_41xxx.o(HEAP) refers (Special) to heapauxi.o(.text) for __use_two_region_memory
    startup_stm32f40_41xxx.o(RESET) refers (Special) to heapauxi.o(.text) for __use_two_region_memory
    startup_stm32f40_41xxx.o(RESET) refers to startup_stm32f40_41xxx.o(STACK) for __initial_sp
    startup_stm32f40_41xxx.o(RESET) refers to startup_stm32f40_41xxx.o(.text) for Reset_Handler
    startup_stm32f40_41xxx.o(RESET) refers to stm32f4xx_it.o(i.NMI_Handler) for NMI_Handler
    startup_stm32f40_41xxx.o(RESET) refers to stm32f4xx_it.o(i.HardFault_Handler) for HardFault_Handler
    startup_stm32f40_41xxx.o(RESET) refers to stm32f4xx_it.o(i.MemManage_Handler) for MemManage_Handler
    startup_stm32f40_41xxx.o(RESET) refers to stm32f4xx_it.o(i.BusFault_Handler) for BusFault_Handler
    startup_stm32f40_41xxx.o(RESET) refers to stm32f4xx_it.o(i.UsageFault_Handler) for UsageFault_Handler
    startup_stm32f40_41xxx.o(RESET) refers to stm32f4xx_it.o(i.SVC_Handler) for SVC_Handler
    startup_stm32f40_41xxx.o(RESET) refers to stm32f4xx_it.o(i.DebugMon_Handler) for DebugMon_Handler
    startup_stm32f40_41xxx.o(RESET) refers to stm32f4xx_it.o(i.PendSV_Handler) for PendSV_Handler
    startup_stm32f40_41xxx.o(RESET) refers to delay.o(i.SysTick_Handler) for SysTick_Handler
    startup_stm32f40_41xxx.o(RESET) refers to serial.o(i.USART1_IRQHandler) for USART1_IRQHandler
    startup_stm32f40_41xxx.o(.text) refers (Special) to heapauxi.o(.text) for __use_two_region_memory
    startup_stm32f40_41xxx.o(.text) refers to system_stm32f4xx.o(i.SystemInit) for SystemInit
    startup_stm32f40_41xxx.o(.text) refers to __main.o(!!!main) for __main
    startup_stm32f40_41xxx.o(.text) refers to startup_stm32f40_41xxx.o(HEAP) for Heap_Mem
    startup_stm32f40_41xxx.o(.text) refers to startup_stm32f40_41xxx.o(STACK) for Stack_Mem
    stm32f4xx_adc.o(i.ADC_DeInit) refers to stm32f4xx_rcc.o(i.RCC_APB2PeriphResetCmd) for RCC_APB2PeriphResetCmd
    stm32f4xx_can.o(i.CAN_DeInit) refers to stm32f4xx_rcc.o(i.RCC_APB1PeriphResetCmd) for RCC_APB1PeriphResetCmd
    stm32f4xx_can.o(i.CAN_GetITStatus) refers to stm32f4xx_can.o(i.CheckITStatus) for CheckITStatus
    stm32f4xx_cryp.o(i.CRYP_DeInit) refers to stm32f4xx_rcc.o(i.RCC_AHB2PeriphResetCmd) for RCC_AHB2PeriphResetCmd
    stm32f4xx_cryp_aes.o(i.CRYP_AES_CBC) refers to stm32f4xx_cryp.o(i.CRYP_KeyStructInit) for CRYP_KeyStructInit
    stm32f4xx_cryp_aes.o(i.CRYP_AES_CBC) refers to stm32f4xx_cryp.o(i.CRYP_FIFOFlush) for CRYP_FIFOFlush
    stm32f4xx_cryp_aes.o(i.CRYP_AES_CBC) refers to stm32f4xx_cryp.o(i.CRYP_Init) for CRYP_Init
    stm32f4xx_cryp_aes.o(i.CRYP_AES_CBC) refers to stm32f4xx_cryp.o(i.CRYP_KeyInit) for CRYP_KeyInit
    stm32f4xx_cryp_aes.o(i.CRYP_AES_CBC) refers to stm32f4xx_cryp.o(i.CRYP_Cmd) for CRYP_Cmd
    stm32f4xx_cryp_aes.o(i.CRYP_AES_CBC) refers to stm32f4xx_cryp.o(i.CRYP_GetFlagStatus) for CRYP_GetFlagStatus
    stm32f4xx_cryp_aes.o(i.CRYP_AES_CBC) refers to stm32f4xx_cryp.o(i.CRYP_IVInit) for CRYP_IVInit
    stm32f4xx_cryp_aes.o(i.CRYP_AES_CBC) refers to stm32f4xx_cryp.o(i.CRYP_GetCmdStatus) for CRYP_GetCmdStatus
    stm32f4xx_cryp_aes.o(i.CRYP_AES_CBC) refers to stm32f4xx_cryp.o(i.CRYP_DataIn) for CRYP_DataIn
    stm32f4xx_cryp_aes.o(i.CRYP_AES_CBC) refers to stm32f4xx_cryp.o(i.CRYP_DataOut) for CRYP_DataOut
    stm32f4xx_cryp_aes.o(i.CRYP_AES_CCM) refers to stm32f4xx_cryp.o(i.CRYP_KeyStructInit) for CRYP_KeyStructInit
    stm32f4xx_cryp_aes.o(i.CRYP_AES_CCM) refers to stm32f4xx_cryp.o(i.CRYP_FIFOFlush) for CRYP_FIFOFlush
    stm32f4xx_cryp_aes.o(i.CRYP_AES_CCM) refers to stm32f4xx_cryp.o(i.CRYP_KeyInit) for CRYP_KeyInit
    stm32f4xx_cryp_aes.o(i.CRYP_AES_CCM) refers to stm32f4xx_cryp.o(i.CRYP_IVInit) for CRYP_IVInit
    stm32f4xx_cryp_aes.o(i.CRYP_AES_CCM) refers to stm32f4xx_cryp.o(i.CRYP_Init) for CRYP_Init
    stm32f4xx_cryp_aes.o(i.CRYP_AES_CCM) refers to stm32f4xx_cryp.o(i.CRYP_PhaseConfig) for CRYP_PhaseConfig
    stm32f4xx_cryp_aes.o(i.CRYP_AES_CCM) refers to stm32f4xx_cryp.o(i.CRYP_DataIn) for CRYP_DataIn
    stm32f4xx_cryp_aes.o(i.CRYP_AES_CCM) refers to stm32f4xx_cryp.o(i.CRYP_Cmd) for CRYP_Cmd
    stm32f4xx_cryp_aes.o(i.CRYP_AES_CCM) refers to stm32f4xx_cryp.o(i.CRYP_GetCmdStatus) for CRYP_GetCmdStatus
    stm32f4xx_cryp_aes.o(i.CRYP_AES_CCM) refers to stm32f4xx_cryp.o(i.CRYP_GetFlagStatus) for CRYP_GetFlagStatus
    stm32f4xx_cryp_aes.o(i.CRYP_AES_CCM) refers to stm32f4xx_cryp.o(i.CRYP_DataOut) for CRYP_DataOut
[...]
    dc.s                                     0x00000000   Number         0  dc.o ABSOLUTE
    RESET                                    0x08000000   Section      392  startup_stm32f40_41xxx.o(RESET)
    !!!main                                  0x08000188   Section        8  __main.o(!!!main)
    !!!scatter                               0x08000190   Section       52  __scatter.o(!!!scatter)
    !!handler_copy                           0x080001c4   Section       26  __scatter_copy.o(!!handler_copy)
    !!handler_zi                             0x080001e0   Section       28  __scatter_zi.o(!!handler_zi)
    .ARM.Collect$$libinit$$00000000          0x080001fc   Section        2  libinit.o(.ARM.Collect$$libinit$$00000000)
    .ARM.Collect$$libinit$$00000001          0x080001fe   Section        4  libinit2.o(.ARM.Collect$$libinit$$00000001)
    .ARM.Collect$$libinit$$00000004          0x08000202   Section        0  libinit2.o(.ARM.Collect$$libinit$$00000004)
    .ARM.Collect$$libinit$$0000000A          0x08000202   Section        0  libinit2.o(.ARM.Collect$$libinit$$0000000A)
    .ARM.Collect$$libinit$$0000000C          0x08000202   Section        0  libinit2.o(.ARM.Collect$$libinit$$0000000C)
    .ARM.Collect$$libinit$$0000000E          0x08000202   Section        0  libinit2.o(.ARM.Collect$$libinit$$0000000E)
    .ARM.Collect$$libinit$$00000011          0x08000202   Section        0  libinit2.o(.ARM.Collect$$libinit$$00000011)
    .ARM.Collect$$libinit$$00000013          0x08000202   Section        0  libinit2.o(.ARM.Collect$$libinit$$00000013)
    .ARM.Collect$$libinit$$00000015          0x08000202   Section        0  libinit2.o(.ARM.Collect$$libinit$$00000015)
    .ARM.Collect$$libinit$$00000017          0x08000202   Section        0  libinit2.o(.ARM.Collect$$libinit$$00000017)
    .ARM.Collect$$libinit$$00000019          0x08000202   Section        0  libinit2.o(.ARM.Collect$$libinit$$00000019)
    .ARM.Collect$$libinit$$0000001B          0x08000202   Section        0  libinit2.o(.ARM.Collect$$libinit$$0000001B)
    .ARM.Collect$$libinit$$0000001D          0x08000202   Section        0  libinit2.o(.ARM.Collect$$libinit$$0000001D)
    .ARM.Collect$$libinit$$0000001F          0x08000202   Section        0  libinit2.o(.ARM.Collect$$libinit$$0000001F)
    .ARM.Collect$$libinit$$00000021          0x08000202   Section        0  libinit2.o(.ARM.Collect$$libinit$$00000021)
    .ARM.Collect$$libinit$$00000023          0x08000202   Section        0  libinit2.o(.ARM.Collect$$libinit$$00000023)
    .ARM.Collect$$libinit$$00000025          0x08000202   Section        0  libinit2.o(.ARM.Collect$$libinit$$00000025)
    .ARM.Collect$$libinit$$0000002C          0x08000202   Section        0  libinit2.o(.ARM.Collect$$libinit$$0000002C)
    .ARM.Collect$$libinit$$0000002E          0x08000202   Section        0  libinit2.o(.ARM.Collect$$libinit$$0000002E)
    .ARM.Collect$$libinit$$00000030          0x08000202   Section        0  libinit2.o(.ARM.Collect$$libinit$$00000030)
    .ARM.Collect$$libinit$$00000032          0x08000202   Section        0  libinit2.o(.ARM.Collect$$libinit$$00000032)
    .ARM.Collect$$libinit$$00000033          0x08000202   Section        2  libinit2.o(.ARM.Collect$$libinit$$00000033)
    .ARM.Collect$$libshutdown$$00000000      0x08000204   Section        2  libshutdown.o(.ARM.Collect$$libshutdown$$00000000)
    .ARM.Collect$$libshutdown$$00000002      0x08000206   Section        0  libshutdown2.o(.ARM.Collect$$libshutdown$$00000002)
    .ARM.Collect$$libshutdown$$00000004      0x08000206   Section        0  libshutdown2.o(.ARM.Collect$$libshutdown$$00000004)
    .ARM.Collect$$libshutdown$$00000007      0x08000206   Section        0  libshutdown2.o(.ARM.Collect$$libshutdown$$00000007)
    .ARM.Collect$$libshutdown$$0000000A      0x08000206   Section        0  libshutdown2.o(.ARM.Collect$$libshutdown$$0000000A)
    .ARM.Collect$$libshutdown$$0000000C      0x08000206   Section        0  libshutdown2.o(.ARM.Collect$$libshutdown$$0000000C)
    .ARM.Collect$$libshutdown$$0000000F      0x08000206   Section        0  libshutdown2.o(.ARM.Collect$$libshutdown$$0000000F)
    .ARM.Collect$$libshutdown$$00000010      0x08000206   Section        2  libshutdown2.o(.ARM.Collect$$libshutdown$$00000010)
    .ARM.Collect$$rtentry$$00000000          0x08000208   Section        0  __rtentry.o(.ARM.Collect$$rtentry$$00000000)
    .ARM.Collect$$rtentry$$00000002          0x08000208   Section        0  __rtentry2.o(.ARM.Collect$$rtentry$$00000002)
    .ARM.Collect$$rtentry$$00000004          0x08000208   Section        6  __rtentry4.o(.ARM.Collect$$rtentry$$00000004)
    .ARM.Collect$$rtentry$$00000009          0x0800020e   Section        0  __rtentry2.o(.ARM.Collect$$rtentry$$00000009)
    .ARM.Collect$$rtentry$$0000000A          0x0800020e   Section        4  __rtentry2.o(.ARM.Collect$$rtentry$$0000000A)
    .ARM.Collect$$rtentry$$0000000C          0x08000212   Section        0  __rtentry2.o(.ARM.Collect$$rtentry$$0000000C)
    .ARM.Collect$$rtentry$$0000000D          0x08000212   Section        8  __rtentry2.o(.ARM.Collect$$rtentry$$0000000D)
    .ARM.Collect$$rtexit$$00000000           0x0800021a   Section        2  rtexit.o(.ARM.Collect$$rtexit$$00000000)
    .ARM.Collect$$rtexit$$00000002           0x0800021c   Section        0  rtexit2.o(.ARM.Collect$$rtexit$$00000002)
    .ARM.Collect$$rtexit$$00000003           0x0800021c   Section        4  rtexit2.o(.ARM.Collect$$rtexit$$00000003)
    .ARM.Collect$$rtexit$$00000004           0x08000220   Section        6  rtexit2.o(.ARM.Collect$$rtexit$$00000004)
    .text                                    0x08000228   Section       64  startup_stm32f40_41xxx.o(.text)
    $v0                                      0x08000228   Number         0  startup_stm32f40_41xxx.o(.text)
    .text                                    0x08000268   Section        0  heapauxi.o(.text)
    .text                                    0x08000270   Section        8  libspace.o(.text)
    .text                                    0x08000278   Section        2  use_no_semi.o(.text)
    .text                                    0x0800027a   Section        0  indicate_semi.o(.text)
    .text                                    0x0800027a   Section       74  sys_stackheap_outer.o(.text)
    .text                                    0x080002c4   Section        0  exit.o(.text)
    .text                                    0x080002d8   Section        0  sys_exit.o(.text)
    i.BusFault_Handler                       0x080002e4   Section        0  stm32f4xx_it.o(i.BusFault_Handler)
    i.DebugMon_Handler                       0x080002e8   Section        0  stm32f4xx_it.o(i.DebugMon_Handler)
    i.FSUS_CalcChecksum                      0x080002ea   Section        0  fashion_star_uart_servo.o(i.FSUS_CalcChecksum)
    i.FSUS_Package2RingBuffer                0x0800031c   Section        0  fashion_star_uart_servo.o(i.FSUS_Package2RingBuffer)
    i.FSUS_QueryServoAngle                   0x08000358   Section        0  fashion_star_uart_servo.o(i.FSUS_QueryServoAngle)
    i.FSUS_QueryServoAngleMTurn              0x080003d4   Section        0  fashion_star_uart_servo.o(i.FSUS_QueryServoAngleMTurn)
    i.FSUS_RecvPackage                       0x08000460   Section        0  fashion_star_uart_servo.o(i.FSUS_RecvPackage)
    i.FSUS_SendPackage                       0x08000598   Section        0  fashion_star_uart_servo.o(i.FSUS_SendPackage)
    i.FSUS_SetServoAngle                     0x080005d8   Section        0  fashion_star_uart_servo.o(i.FSUS_SetServoAngle)
    i.FSUS_Wait                              0x08000698   Section        0  fashion_star_uart_servo.o(i.FSUS_Wait)
    i.GPIO_Init                              0x08000704   Section        0  stm32f4xx_gpio.o(i.GPIO_Init)
    i.GPIO_PinAFConfig                       0x08000794   Section        0  stm32f4xx_gpio.o(i.GPIO_PinAFConfig)
    i.GPIO_ResetBits                         0x080007da   Section        0  stm32f4xx_gpio.o(i.GPIO_ResetBits)
    i.GPIO_SetBits                           0x080007de   Section        0  stm32f4xx_gpio.o(i.GPIO_SetBits)
    i.GPIO_StructInit                        0x080007e2   Section        0  stm32f4xx_gpio.o(i.GPIO_StructInit)
    i.HardFault_Handler                      0x080007f4   Section        0  stm32f4xx_it.o(i.HardFault_Handler)
    i.InitArm                                0x080007f8   Section        0  serial.o(i.InitArm)
    i.MOTOR_Init                             0x080008d0   Section        0  motor.o(i.MOTOR_Init)
    i.MemManage_Handler                      0x08000974   Section        0  stm32f4xx_it.o(i.MemManage_Handler)
    i.MotorPositionSetA                      0x08000978   Section        0  motor.o(i.MotorPositionSetA)
    i.MotorPositionSetB                      0x080009fc   Section        0  motor.o(i.MotorPositionSetB)
    i.MotorPositionSetC                      0x08000a80   Section        0  motor.o(i.MotorPositionSetC)
    i.MotorPositionSetD                      0x08000b04   Section        0  motor.o(i.MotorPositionSetD)
    i.Motor_Xianfu                           0x08000b88   Section        0  motor.o(i.Motor_Xianfu)
    i.My_abs                                 0x08000b9a   Section        0  motor.o(i.My_abs)
    i.NMI_Handler                            0x08000ba8   Section        0  stm32f4xx_it.o(i.NMI_Handler)
    i.NVIC_Init                              0x08000bac   Section        0  misc.o(i.NVIC_Init)
    i.NVIC_PriorityGroupConfig               0x08000c24   Section        0  misc.o(i.NVIC_PriorityGroupConfig)
    i.Num_Encoder_Cnt                        0x08000c38   Section        0  encoder.o(i.Num_Encoder_Cnt)
    i.OLED_Clear                             0x08000c5e   Section        0  oled.o(i.OLED_Clear)
    i.OLED_I2C_Init                          0x08000c88   Section        0  oled.o(i.OLED_I2C_Init)
    i.OLED_I2C_SendByte                      0x08000cd8   Section        0  oled.o(i.OLED_I2C_SendByte)
    i.OLED_I2C_Start                         0x08000d34   Section        0  oled.o(i.OLED_I2C_Start)
    i.OLED_I2C_Stop                          0x08000d64   Section        0  oled.o(i.OLED_I2C_Stop)
    i.OLED_Init                              0x08000d8c   Section        0  oled.o(i.OLED_Init)
    i.OLED_SetCursor                         0x08000e3a   Section        0  oled.o(i.OLED_SetCursor)
    i.OLED_ShowChar                          0x08000e5c   Section        0  oled.o(i.OLED_ShowChar)
    i.OLED_WriteCommand                      0x08000ed0   Section        0  oled.o(i.OLED_WriteCommand)
    i.OLED_WriteData                         0x08000ef0   Section        0  oled.o(i.OLED_WriteData)
    i.PWM_SetCompare1                        0x08000f10   Section        0  timer.o(i.PWM_SetCompare1)
    i.PWM_SetCompare2                        0x08000f24   Section        0  timer.o(i.PWM_SetCompare2)
    i.PWM_SetCompare3                        0x08000f38   Section        0  timer.o(i.PWM_SetCompare3)
    i.PWM_SetCompare4                        0x08000f4c   Section        0  timer.o(i.PWM_SetCompare4)
    i.PendSV_Handler                         0x08000f60   Section        0  stm32f4xx_it.o(i.PendSV_Handler)
    i.PickUp                                 0x08000f64   Section        0  serial.o(i.PickUp)
    i.Position_PID                           0x080010a4   Section        0  pid.o(i.Position_PID)
    i.PutDown                                0x08001184   Section        0  serial.o(i.PutDown)
    i.RCC_AHB1PeriphClockCmd                 0x08001254   Section        0  stm32f4xx_rcc.o(i.RCC_AHB1PeriphClockCmd)
    i.RCC_APB1PeriphClockCmd                 0x08001274   Section        0  stm32f4xx_rcc.o(i.RCC_APB1PeriphClockCmd)
    i.RCC_APB1PeriphResetCmd                 0x08001294   Section        0  stm32f4xx_rcc.o(i.RCC_APB1PeriphResetCmd)
    i.RCC_APB2PeriphClockCmd                 0x080012b4   Section        0  stm32f4xx_rcc.o(i.RCC_APB2PeriphClockCmd)
    i.RCC_APB2PeriphResetCmd                 0x080012d4   Section        0  stm32f4xx_rcc.o(i.RCC_APB2PeriphResetCmd)
    i.RCC_GetClocksFreq                      0x080012f4   Section        0  stm32f4xx_rcc.o(i.RCC_GetClocksFreq)
    i.RingBuffer_GetByteFree                 0x080013dc   Section        0  ring_buffer.o(i.RingBuffer_GetByteFree)
    i.RingBuffer_GetByteUsed                 0x080013f4   Section        0  ring_buffer.o(i.RingBuffer_GetByteUsed)
    i.RingBuffer_GetCapacity                 0x0800141e   Section        0  ring_buffer.o(i.RingBuffer_GetCapacity)
    i.RingBuffer_GetChecksum                 0x08001428   Section        0  ring_buffer.o(i.RingBuffer_GetChecksum)
    i.RingBuffer_GetValueByIndex             0x08001450   Section        0  ring_buffer.o(i.RingBuffer_GetValueByIndex)
    i.RingBuffer_Init                        0x0800147c   Section        0  ring_buffer.o(i.RingBuffer_Init)
    i.RingBuffer_IsEmpty                     0x080014a2   Section        0  ring_buffer.o(i.RingBuffer_IsEmpty)
    i.RingBuffer_IsFull                      0x080014c0   Section        0  ring_buffer.o(i.RingBuffer_IsFull)
    i.RingBuffer_Pop                         0x080014d4   Section        0  ring_buffer.o(i.RingBuffer_Pop)
    i.RingBuffer_Push                        0x08001506   Section        0  ring_buffer.o(i.RingBuffer_Push)
    i.RingBuffer_ReadByte                    0x08001532   Section        0  ring_buffer.o(i.RingBuffer_ReadByte)
    i.RingBuffer_WriteByte                   0x0800153e   Section        0  ring_buffer.o(i.RingBuffer_WriteByte)
    i.RingBuffer_WriteByteArray              0x0800154e   Section        0  ring_buffer.o(i.RingBuffer_WriteByteArray)
    i.RingBuffer_WriteShort                  0x0800156c   Section        0  ring_buffer.o(i.RingBuffer_WriteShort)
    i.RingBuffer_WriteUShort                 0x0800157e   Section        0  ring_buffer.o(i.RingBuffer_WriteUShort)
    i.Rpm_Encoder_Cnt                        0x08001590   Section        0  encoder.o(i.Rpm_Encoder_Cnt)
    i.SVC_Handler                            0x080015d0   Section        0  stm32f4xx_it.o(i.SVC_Handler)
    i.Serial_Init                            0x080015d4   Section        0  serial.o(i.Serial_Init)
    i.Serial_SendByte                        0x080016d4   Section        0  serial.o(i.Serial_SendByte)
    i.SetSysClock                            0x080016f4   Section        0  system_stm32f4xx.o(i.SetSysClock)
    SetSysClock                              0x080016f5   Thumb Code   220  system_stm32f4xx.o(i.SetSysClock)
    i.Set_Pwm                                0x080017e0   Section        0  motor.o(i.Set_Pwm)
    i.Stock                                  0x08001994   Section        0  serial.o(i.Stock)
    i.SysTick_CountdownBegin                 0x08001a68   Section        0  delay.o(i.SysTick_CountdownBegin)
    i.SysTick_CountdownCancel                0x08001a78   Section        0  delay.o(i.SysTick_CountdownCancel)
    i.SysTick_CountdownIsTimeout             0x08001a84   Section        0  delay.o(i.SysTick_CountdownIsTimeout)
    i.SysTick_DelayMs                        0x08001a98   Section        0  delay.o(i.SysTick_DelayMs)
    i.SysTick_Handler                        0x08001ab0   Section        0  delay.o(i.SysTick_Handler)
    i.SysTick_Init                           0x08001ac8   Section        0  delay.o(i.SysTick_Init)
    i.SystemInit                             0x08001b28   Section        0  system_stm32f4xx.o(i.SystemInit)
    i.TI1_Config                             0x08001b90   Section        0  stm32f4xx_tim.o(i.TI1_Config)
    TI1_Config                               0x08001b91   Thumb Code    58  stm32f4xx_tim.o(i.TI1_Config)
    i.TI2_Config                             0x08001bca   Section        0  stm32f4xx_tim.o(i.TI2_Config)
    TI2_Config                               0x08001bcb   Thumb Code    80  stm32f4xx_tim.o(i.TI2_Config)
    i.TI3_Config                             0x08001c1a   Section        0  stm32f4xx_tim.o(i.TI3_Config)
    TI3_Config                               0x08001c1b   Thumb Code    72  stm32f4xx_tim.o(i.TI3_Config)
    i.TI4_Config                             0x08001c62   Section        0  stm32f4xx_tim.o(i.TI4_Config)
    TI4_Config                               0x08001c63   Thumb Code    80  stm32f4xx_tim.o(i.TI4_Config)
    i.TIM1_Encoder_Get                       0x08001cb4   Section        0  encoder.o(i.TIM1_Encoder_Get)
    i.TIM1_Encoder_Init                      0x08001cd0   Section        0  encoder.o(i.TIM1_Encoder_Init)
    i.TIM2_Encoder_Get                       0x08001d9c   Section        0  encoder.o(i.TIM2_Encoder_Get)
    i.TIM2_Encoder_Init                      0x08001db8   Section        0  encoder.o(i.TIM2_Encoder_Init)
    i.TIM3_Encoder_Get                       0x08001ea0   Section        0  encoder.o(i.TIM3_Encoder_Get)
    i.TIM3_Encoder_Init                      0x08001ebc   Section        0  encoder.o(i.TIM3_Encoder_Init)
    i.TIM4_Encoder_Get                       0x08001f98   Section        0  encoder.o(i.TIM4_Encoder_Get)
    i.TIM4_Encoder_Init                      0x08001fb4   Section        0  encoder.o(i.TIM4_Encoder_Init)
    i.TIM5_PWM_Init                          0x08002078   Section        0  timer.o(i.TIM5_PWM_Init)
    i.TIM_ClearFlag                          0x08002184   Section        0  stm32f4xx_tim.o(i.TIM_ClearFlag)
    i.TIM_Cmd                                0x0800218a   Section        0  stm32f4xx_tim.o(i.TIM_Cmd)
    i.TIM_CtrlPWMOutputs                     0x080021a2   Section        0  stm32f4xx_tim.o(i.TIM_CtrlPWMOutputs)
    i.TIM_DeInit                             0x080021c0   Section        0  stm32f4xx_tim.o(i.TIM_DeInit)
    i.TIM_EncoderInterfaceConfig             0x08002350   Section        0  stm32f4xx_tim.o(i.TIM_EncoderInterfaceConfig)
    i.TIM_Encoder_Init                       0x08002392   Section        0  encoder.o(i.TIM_Encoder_Init)
    i.TIM_GetCounter                         0x080023a6   Section        0  stm32f4xx_tim.o(i.TIM_GetCounter)
    i.TIM_ICInit                             0x080023ac   Section        0  stm32f4xx_tim.o(i.TIM_ICInit)
    i.TIM_ICStructInit                       0x0800241a   Section        0  stm32f4xx_tim.o(i.TIM_ICStructInit)
    i.TIM_ITConfig                           0x0800242c   Section        0  stm32f4xx_tim.o(i.TIM_ITConfig)
    i.TIM_InternalClockConfig                0x0800243e   Section        0  stm32f4xx_tim.o(i.TIM_InternalClockConfig)
    i.TIM_OC1Init                            0x0800244c   Section        0  stm32f4xx_tim.o(i.TIM_OC1Init)
    i.TIM_OC2Init                            0x080024c8   Section        0  stm32f4xx_tim.o(i.TIM_OC2Init)
    i.TIM_OC3Init                            0x0800256c   Section        0  stm32f4xx_tim.o(i.TIM_OC3Init)
    i.TIM_OC4Init                            0x0800260c   Section        0  stm32f4xx_tim.o(i.TIM_OC4Init)
    i.TIM_OCStructInit                       0x08002684   Section        0  stm32f4xx_tim.o(i.TIM_OCStructInit)
    i.TIM_SetCompare1                        0x08002698   Section        0  stm32f4xx_tim.o(i.TIM_SetCompare1)
    i.TIM_SetCompare2                        0x0800269c   Section        0  stm32f4xx_tim.o(i.TIM_SetCompare2)
    i.TIM_SetCompare3                        0x080026a0   Section        0  stm32f4xx_tim.o(i.TIM_SetCompare3)
    i.TIM_SetCompare4                        0x080026a4   Section        0  stm32f4xx_tim.o(i.TIM_SetCompare4)
    i.TIM_SetCounter                         0x080026a8   Section        0  stm32f4xx_tim.o(i.TIM_SetCounter)
    i.TIM_SetIC1Prescaler                    0x080026ac   Section        0  stm32f4xx_tim.o(i.TIM_SetIC1Prescaler)
    i.TIM_SetIC2Prescaler                    0x080026be   Section        0  stm32f4xx_tim.o(i.TIM_SetIC2Prescaler)
    i.TIM_SetIC3Prescaler                    0x080026d8   Section        0  stm32f4xx_tim.o(i.TIM_SetIC3Prescaler)
    i.TIM_SetIC4Prescaler                    0x080026ea   Section        0  stm32f4xx_tim.o(i.TIM_SetIC4Prescaler)
    i.TIM_TimeBaseInit                       0x08002704   Section        0  stm32f4xx_tim.o(i.TIM_TimeBaseInit)
    i.TIM_TimeBaseStructInit                 0x08002788   Section        0  stm32f4xx_tim.o(i.TIM_TimeBaseStructInit)
    i.USART1_IRQHandler                      0x0800279c   Section        0  serial.o(i.USART1_IRQHandler)
    i.USART_Cmd                              0x080027c8   Section        0  stm32f4xx_usart.o(i.USART_Cmd)
    i.USART_GetFlagStatus                    0x080027e0   Section        0  stm32f4xx_usart.o(i.USART_GetFlagStatus)
    i.USART_GetITStatus                      0x080027fa   Section        0  stm32f4xx_usart.o(i.USART_GetITStatus)
    i.USART_ITConfig                         0x0800284e   Section        0  stm32f4xx_usart.o(i.USART_ITConfig)
    i.USART_Init                             0x08002898   Section        0  stm32f4xx_usart.o(i.USART_Init)
    i.USART_ReceiveData                      0x0800296c   Section        0  stm32f4xx_usart.o(i.USART_ReceiveData)
    i.USART_SendData                         0x08002976   Section        0  stm32f4xx_usart.o(i.USART_SendData)
    i.UsageFault_Handler                     0x0800297e   Section        0  stm32f4xx_it.o(i.UsageFault_Handler)
    i.Usart_SendAll                          0x08002982   Section        0  serial.o(i.Usart_SendAll)
    i.f_get_timebase_flag                    0x080029a4   Section        0  globalfunction.o(i.f_get_timebase_flag)
    i.main                                   0x08002a58   Section        0  main.o(i.main)
    i.xian_fu                                0x08002cf4   Section        0  motor.o(i.xian_fu)
    x$fpl$d2f                                0x08002d04   Section       98  d2f.o(x$fpl$d2f)
    $v0                                      0x08002d04   Number         0  d2f.o(x$fpl$d2f)
    x$fpl$ddiv                               0x08002d68   Section      688  ddiv.o(x$fpl$ddiv)
    $v0                                      0x08002d68   Number         0  ddiv.o(x$fpl$ddiv)
    ddiv_entry                               0x08002d6f   Thumb Code     0  ddiv.o(x$fpl$ddiv)
    x$fpl$dflt                               0x08003018   Section       46  dflt_clz.o(x$fpl$dflt)
    $v0                                      0x08003018   Number         0  dflt_clz.o(x$fpl$dflt)
    x$fpl$dnaninf                            0x08003046   Section      156  dnaninf.o(x$fpl$dnaninf)
    $v0                                      0x08003046   Number         0  dnaninf.o(x$fpl$dnaninf)
    x$fpl$dretinf                            0x080030e2   Section       12  dretinf.o(x$fpl$dretinf)
    $v0                                      0x080030e2   Number         0  dretinf.o(x$fpl$dretinf)
    x$fpl$fpinit                             0x080030ee   Section       10  fpinit.o(x$fpl$fpinit)
    $v0                                      0x080030ee   Number         0  fpinit.o(x$fpl$fpinit)
    x$fpl$fretinf                            0x080030f8   Section       10  fretinf.o(x$fpl$fretinf)
    $v0                                      0x080030f8   Number         0  fretinf.o(x$fpl$fretinf)
    .constdata                               0x08003102   Section     1520  oled.o(.constdata)
    x$fpl$usenofp                            0x08003102   Section        0  usenofp.o(x$fpl$usenofp)
    .data                                    0x20000000   Section       20  system_stm32f4xx.o(.data)
    .data                                    0x20000014   Section       16  stm32f4xx_rcc.o(.data)
    APBAHBPrescTable                         0x20000014   Data          16  stm32f4xx_rcc.o(.data)
    .data                                    0x20000024   Section        8  delay.o(.data)
    TimingDelay                              0x20000024   Data           4  delay.o(.data)
    sysTickCnt                               0x20000028   Data           4  delay.o(.data)
    .data                                    0x2000002c   Section       84  motor.o(.data)
    PWM                                      0x20000070   Data           4  motor.o(.data)
    PWM                                      0x20000074   Data           4  motor.o(.data)
    PWM                                      0x20000078   Data           4  motor.o(.data)
    PWM                                      0x2000007c   Data           4  motor.o(.data)
    .data                                    0x20000080   Section        4  main.o(.data)
    .data                                    0x20000084   Section       36  pid.o(.data)
    Eorr                                     0x20000088   Data           4  pid.o(.data)
    Pwm                                      0x2000008c   Data           4  pid.o(.data)
    Last_Eorr                                0x20000090   Data           4  pid.o(.data)
    Prev_Eorr                                0x20000094   Data           4  pid.o(.data)
    PwmOut                                   0x20000098   Data           4  pid.o(.data)
    Eorr                                     0x2000009c   Data           4  pid.o(.data)
    Pwm                                      0x200000a0   Data           4  pid.o(.data)
    Last_Eorr                                0x200000a4   Data           4  pid.o(.data)
    .data                                    0x200000a8   Section        4  globalfunction.o(.data)
    .data                                    0x200000ac   Section       14  serial.o(.data)
    .bss                                     0x200000c0   Section      352  protocol.o(.bss)
    .bss                                     0x20000220   Section     4136  serial.o(.bss)
    .bss                                     0x20001248   Section       96  libspace.o(.bss)
    HEAP                                     0x200012a8   Section      512  startup_stm32f40_41xxx.o(HEAP)
    Heap_Mem                                 0x200012a8   Data         512  startup_stm32f40_41xxx.o(HEAP)
    STACK                                    0x200014a8   Section     1024  startup_stm32f40_41xxx.o(STACK)
    Stack_Mem                                0x200014a8   Data        1024  startup_stm32f40_41xxx.o(STACK)
    __initial_sp                             0x200018a8   Data           0  startup_stm32f40_41xxx.o(STACK)

    Global Symbols

    Symbol Name                              Value     Ov Type        Size  Object(Section)

    BuildAttributes$$THM_ISAv4$E$P$D$K$B$S$7EM$VFPi3$EXTD16$VFPS$VFMA$PE$A:L22UL41UL21$X:L11$S22US41US21$IEEE1$IW$USESV6$~STKCKD$USESV7$~SHL$OTIME$ROPI$EBA8$UX$STANDARDLIB$REQ8$PRES8$EABIv2 0x00000000   Number         0  anon$$obj.o ABSOLUTE
    __ARM_use_no_argv                        0x00000000   Number         0  main.o ABSOLUTE
    __ARM_exceptions_init                     - Undefined Weak Reference
    __alloca_initialize                       - Undefined Weak Reference
    __arm_preinit_                            - Undefined Weak Reference
    __cpp_initialize__aeabi_                  - Undefined Weak Reference
    __cxa_finalize                            - Undefined Weak Reference
    __rt_locale                               - Undefined Weak Reference
    __sigvec_lookup                           - Undefined Weak Reference
    __user_heap_extent                        - Undefined Weak Reference
    _atexit_init                              - Undefined Weak Reference
    _call_atexit_fns                          - Undefined Weak Reference
    _clock_init                               - Undefined Weak Reference
    _fp_trap_init                             - Undefined Weak Reference
    _fp_trap_shutdown                         - Undefined Weak Reference
    _get_lc_collate                           - Undefined Weak Reference
    _get_lc_ctype                             - Undefined Weak Reference
    _get_lc_monetary                          - Undefined Weak Reference
    _get_lc_numeric                           - Undefined Weak Reference
    _get_lc_time                              - Undefined Weak Reference
    _getenv_init                              - Undefined Weak Reference
    _handle_redirection                       - Undefined Weak Reference
    _initio                                   - Undefined Weak Reference
    _mutex_acquire                            - Undefined Weak Reference
    _mutex_free                               - Undefined Weak Reference
    _mutex_release                            - Undefined Weak Reference
    _rand_init                                - Undefined Weak Reference
    _signal_finish                            - Undefined Weak Reference
    _signal_init                              - Undefined Weak Reference
    _terminateio                              - Undefined Weak Reference
    __Vectors_Size                           0x00000188   Number         0  startup_stm32f40_41xxx.o ABSOLUTE
    __Vectors                                0x08000000   Data           4  startup_stm32f40_41xxx.o(RESET)
    __Vectors_End                            0x08000188   Data           0  startup_stm32f40_41xxx.o(RESET)
    __main                                   0x08000189   Thumb Code     8  __main.o(!!!main)
    __scatterload                            0x08000191   Thumb Code     0  __scatter.o(!!!scatter)
    __scatterload_rt2                        0x08000191   Thumb Code    44  __scatter.o(!!!scatter)
    __scatterload_rt2_thumb_only             0x08000191   Thumb Code     0  __scatter.o(!!!scatter)
    __scatterload_null                       0x0800019f   Thumb Code     0  __scatter.o(!!!scatter)
    __scatterload_copy                       0x080001c5   Thumb Code    26  __scatter_copy.o(!!handler_copy)
    __scatterload_zeroinit                   0x080001e1   Thumb Code    28  __scatter_zi.o(!!handler_zi)
    __rt_lib_init                            0x080001fd   Thumb Code     0  libinit.o(.ARM.Collect$$libinit$$00000000)
    __rt_lib_init_fp_1                       0x080001ff   Thumb Code     0  libinit2.o(.ARM.Collect$$libinit$$00000001)
    __rt_lib_init_alloca_1                   0x08000203   Thumb Code     0  libinit2.o(.ARM.Collect$$libinit$$0000002E)
    __rt_lib_init_argv_1                     0x08000203   Thumb Code     0  libinit2.o(.ARM.Collect$$libinit$$0000002C)
    __rt_lib_init_atexit_1                   0x08000203   Thumb Code     0  libinit2.o(.ARM.Collect$$libinit$$0000001B)
    __rt_lib_init_clock_1                    0x08000203   Thumb Code     0  libinit2.o(.ARM.Collect$$libinit$$00000021)
    __rt_lib_init_cpp_1                      0x08000203   Thumb Code     0  libinit2.o(.ARM.Collect$$libinit$$00000032)
    __rt_lib_init_exceptions_1               0x08000203   Thumb Code     0  libinit2.o(.ARM.Collect$$libinit$$00000030)
    __rt_lib_init_fp_trap_1                  0x08000203   Thumb Code     0  libinit2.o(.ARM.Collect$$libinit$$0000001F)
    __rt_lib_init_getenv_1                   0x08000203   Thumb Code     0  libinit2.o(.ARM.Collect$$libinit$$00000023)
    __rt_lib_init_heap_1                     0x08000203   Thumb Code     0  libinit2.o(.ARM.Collect$$libinit$$0000000A)
    __rt_lib_init_lc_collate_1               0x08000203   Thumb Code     0  libinit2.o(.ARM.Collect$$libinit$$00000011)
    __rt_lib_init_lc_ctype_1                 0x08000203   Thumb Code     0  libinit2.o(.ARM.Collect$$libinit$$00000013)
    __rt_lib_init_lc_monetary_1              0x08000203   Thumb Code     0  libinit2.o(.ARM.Collect$$libinit$$00000015)
    __rt_lib_init_lc_numeric_1               0x08000203   Thumb Code     0  libinit2.o(.ARM.Collect$$libinit$$00000017)
    __rt_lib_init_lc_time_1                  0x08000203   Thumb Code     0  libinit2.o(.ARM.Collect$$libinit$$00000019)
    __rt_lib_init_preinit_1                  0x08000203   Thumb Code     0  libinit2.o(.ARM.Collect$$libinit$$00000004)
    __rt_lib_init_rand_1                     0x08000203   Thumb Code     0  libinit2.o(.ARM.Collect$$libinit$$0000000E)
    __rt_lib_init_return                     0x08000203   Thumb Code     0  libinit2.o(.ARM.Collect$$libinit$$00000033)
    __rt_lib_init_signal_1                   0x08000203   Thumb Code     0  libinit2.o(.ARM.Collect$$libinit$$0000001D)
    __rt_lib_init_stdio_1                    0x08000203   Thumb Code     0  libinit2.o(.ARM.Collect$$libinit$$00000025)
    __rt_lib_init_user_alloc_1               0x08000203   Thumb Code     0  libinit2.o(.ARM.Collect$$libinit$$0000000C)
    __rt_lib_shutdown                        0x08000205   Thumb Code     0  libshutdown.o(.ARM.Collect$$libshutdown$$00000000)
    __rt_lib_shutdown_cpp_1                  0x08000207   Thumb Code     0  libshutdown2.o(.ARM.Collect$$libshutdown$$00000002)
    __rt_lib_shutdown_fp_trap_1              0x08000207   Thumb Code     0  libshutdown2.o(.ARM.Collect$$libshutdown$$00000007)
    __rt_lib_shutdown_heap_1                 0x08000207   Thumb Code     0  libshutdown2.o(.ARM.Collect$$libshutdown$$0000000F)
    __rt_lib_shutdown_return                 0x08000207   Thumb Code     0  libshutdown2.o(.ARM.Collect$$libshutdown$$00000010)
    __rt_lib_shutdown_signal_1               0x08000207   Thumb Code     0  libshutdown2.o(.ARM.Collect$$libshutdown$$0000000A)
    __rt_lib_shutdown_stdio_1                0x08000207   Thumb Code     0  libshutdown2.o(.ARM.Collect$$libshutdown$$00000004)
    __rt_lib_shutdown_user_alloc_1           0x08000207   Thumb Code     0  libshutdown2.o(.ARM.Collect$$libshutdown$$0000000C)
    __rt_entry                               0x08000209   Thumb Code     0  __rtentry.o(.ARM.Collect$$rtentry$$00000000)
    __rt_entry_presh_1                       0x08000209   Thumb Code     0  __rtentry2.o(.ARM.Collect$$rtentry$$00000002)
    __rt_entry_sh                            0x08000209   Thumb Code     0  __rtentry4.o(.ARM.Collect$$rtentry$$00000004)
    __rt_entry_li                            0x0800020f   Thumb Code     0  __rtentry2.o(.ARM.Collect$$rtentry$$0000000A)
    __rt_entry_postsh_1                      0x0800020f   Thumb Code     0  __rtentry2.o(.ARM.Collect$$rtentry$$00000009)
    __rt_entry_main                          0x08000213   Thumb Code     0  __rtentry2.o(.ARM.Collect$$rtentry$$0000000D)
    __rt_entry_postli_1                      0x08000213   Thumb Code     0  __rtentry2.o(.ARM.Collect$$rtentry$$0000000C)
    __rt_exit                                0x0800021b   Thumb Code     0  rtexit.o(.ARM.Collect$$rtexit$$00000000)
    __rt_exit_ls                             0x0800021d   Thumb Code     0  rtexit2.o(.ARM.Collect$$rtexit$$00000003)
    __rt_exit_prels_1                        0x0800021d   Thumb Code     0  rtexit2.o(.ARM.Collect$$rtexit$$00000002)
    __rt_exit_exit                           0x08000221   Thumb Code     0  rtexit2.o(.ARM.Collect$$rtexit$$00000004)
    Reset_Handler                            0x08000229   Thumb Code     8  startup_stm32f40_41xxx.o(.text)
    ADC_IRQHandler                           0x08000243   Thumb Code     0  startup_stm32f40_41xxx.o(.text)
    CAN1_RX0_IRQHandler                      0x08000243   Thumb Code     0  startup_stm32f40_41xxx.o(.text)
    CAN1_RX1_IRQHandler                      0x08000243   Thumb Code     0  startup_stm32f40_41xxx.o(.text)
    CAN1_SCE_IRQHandler                      0x08000243   Thumb Code     0  startup_stm32f40_41xxx.o(.text)
    CAN1_TX_IRQHandler                       0x08000243   Thumb Code     0  startup_stm32f40_41xxx.o(.text)
    CAN2_RX0_IRQHandler                      0x08000243   Thumb Code     0  startup_stm32f40_41xxx.o(.text)
    CAN2_RX1_IRQHandler                      0x08000243   Thumb Code     0  startup_stm32f40_41xxx.o(.text)
    CAN2_SCE_IRQHandler                      0x08000243   Thumb Code     0  startup_stm32f40_41xxx.o(.text)
    CAN2_TX_IRQHandler                       0x08000243   Thumb Code     0  startup_stm32f40_41xxx.o(.text)
    CRYP_IRQHandler                          0x08000243   Thumb Code     0  startup_stm32f40_41xxx.o(.text)
    DCMI_IRQHandler                          0x08000243   Thumb Code     0  startup_stm32f40_41xxx.o(.text)
    DMA1_Stream0_IRQHandler                  0x08000243   Thumb Code     0  startup_stm32f40_41xxx.o(.text)
    DMA1_Stream1_IRQHandler                  0x08000243   Thumb Code     0  startup_stm32f40_41xxx.o(.text)
    DMA1_Stream2_IRQHandler                  0x08000243   Thumb Code     0  startup_stm32f40_41xxx.o(.text)
    DMA1_Stream3_IRQHandler                  0x08000243   Thumb Code     0  startup_stm32f40_41xxx.o(.text)
    DMA1_Stream4_IRQHandler                  0x08000243   Thumb Code     0  startup_stm32f40_41xxx.o(.text)
    DMA1_Stream5_IRQHandler                  0x08000243   Thumb Code     0  startup_stm32f40_41xxx.o(.text)
    DMA1_Stream6_IRQHandler                  0x08000243   Thumb Code     0  startup_stm32f40_41xxx.o(.text)
    DMA1_Stream7_IRQHandler                  0x08000243   Thumb Code     0  startup_stm32f40_41xxx.o(.text)
    DMA2_Stream0_IRQHandler                  0x08000243   Thumb Code     0  startup_stm32f40_41xxx.o(.text)
    DMA2_Stream1_IRQHandler                  0x08000243   Thumb Code     0  startup_stm32f40_41xxx.o(.text)
    DMA2_Stream2_IRQHandler                  0x08000243   Thumb Code     0  startup_stm32f40_41xxx.o(.text)
    DMA2_Stream3_IRQHandler                  0x08000243   Thumb Code     0  startup_stm32f40_41xxx.o(.text)
    DMA2_Stream4_IRQHandler                  0x08000243   Thumb Code     0  startup_stm32f40_41xxx.o(.text)
    DMA2_Stream5_IRQHandler                  0x08000243   Thumb Code     0  startup_stm32f40_41xxx.o(.text)
    DMA2_Stream6_IRQHandler                  0x08000243   Thumb Code     0  startup_stm32f40_41xxx.o(.text)
    DMA2_Stream7_IRQHandler                  0x08000243   Thumb Code     0  startup_stm32f40_41xxx.o(.text)
    ETH_IRQHandler                           0x08000243   Thumb Code     0  startup_stm32f40_41xxx.o(.text)
    ETH_WKUP_IRQHandler                      0x08000243   Thumb Code     0  startup_stm32f40_41xxx.o(.text)
    EXTI0_IRQHandler                         0x08000243   Thumb Code     0  startup_stm32f40_41xxx.o(.text)
    EXTI15_10_IRQHandler                     0x08000243   Thumb Code     0  startup_stm32f40_41xxx.o(.text)
    EXTI1_IRQHandler                         0x08000243   Thumb Code     0  startup_stm32f40_41xxx.o(.text)
    EXTI2_IRQHandler                         0x08000243   Thumb Code     0  startup_stm32f40_41xxx.o(.text)
    EXTI3_IRQHandler                         0x08000243   Thumb Code     0  startup_stm32f40_41xxx.o(.text)
    EXTI4_IRQHandler                         0x08000243   Thumb Code     0  startup_stm32f40_41xxx.o(.text)
    EXTI9_5_IRQHandler                       0x08000243   Thumb Code     0  startup_stm32f40_41xxx.o(.text)
    FLASH_IRQHandler                         0x08000243   Thumb Code     0  startup_stm32f40_41xxx.o(.text)
    FPU_IRQHandler                           0x08000243   Thumb Code     0  startup_stm32f40_41xxx.o(.text)
    FSMC_IRQHandler                          0x08000243   Thumb Code     0  startup_stm32f40_41xxx.o(.text)
    HASH_RNG_IRQHandler                      0x08000243   Thumb Code     0  startup_stm32f40_41xxx.o(.text)
    I2C1_ER_IRQHandler                       0x08000243   Thumb Code     0  startup_stm32f40_41xxx.o(.text)
    I2C1_EV_IRQHandler                       0x08000243   Thumb Code     0  startup_stm32f40_41xxx.o(.text)
    I2C2_ER_IRQHandler                       0x08000243   Thumb Code     0  startup_stm32f40_41xxx.o(.text)
    I2C2_EV_IRQHandler                       0x08000243   Thumb Code     0  startup_stm32f40_41xxx.o(.text)
    I2C3_ER_IRQHandler                       0x08000243   Thumb Code     0  startup_stm32f40_41xxx.o(.text)
    I2C3_EV_IRQHandler                       0x08000243   Thumb Code     0  startup_stm32f40_41xxx.o(.text)
    OTG_FS_IRQHandler                        0x08000243   Thumb Code     0  startup_stm32f40_41xxx.o(.text)
    OTG_FS_WKUP_IRQHandler                   0x08000243   Thumb Code     0  startup_stm32f40_41xxx.o(.text)
    OTG_HS_EP1_IN_IRQHandler                 0x08000243   Thumb Code     0  startup_stm32f40_41xxx.o(.text)
    OTG_HS_EP1_OUT_IRQHandler                0x08000243   Thumb Code     0  startup_stm32f40_41xxx.o(.text)
    OTG_HS_IRQHandler                        0x08000243   Thumb Code     0  startup_stm32f40_41xxx.o(.text)
    OTG_HS_WKUP_IRQHandler                   0x08000243   Thumb Code     0  startup_stm32f40_41xxx.o(.text)
    PVD_IRQHandler                           0x08000243   Thumb Code     0  startup_stm32f40_41xxx.o(.text)
    RCC_IRQHandler                           0x08000243   Thumb Code     0  startup_stm32f40_41xxx.o(.text)
    RTC_Alarm_IRQHandler                     0x08000243   Thumb Code     0  startup_stm32f40_41xxx.o(.text)
    RTC_WKUP_IRQHandler                      0x08000243   Thumb Code     0  startup_stm32f40_41xxx.o(.text)
    SDIO_IRQHandler                          0x08000243   Thumb Code     0  startup_stm32f40_41xxx.o(.text)
    SPI1_IRQHandler                          0x08000243   Thumb Code     0  startup_stm32f40_41xxx.o(.text)
    SPI2_IRQHandler                          0x08000243   Thumb Code     0  startup_stm32f40_41xxx.o(.text)
    SPI3_IRQHandler                          0x08000243   Thumb Code     0  startup_stm32f40_41xxx.o(.text)
    TAMP_STAMP_IRQHandler                    0x08000243   Thumb Code     0  startup_stm32f40_41xxx.o(.text)
    TIM1_BRK_TIM9_IRQHandler                 0x08000243   Thumb Code     0  startup_stm32f40_41xxx.o(.text)
    TIM1_CC_IRQHandler                       0x08000243   Thumb Code     0  startup_stm32f40_41xxx.o(.text)
    TIM1_TRG_COM_TIM11_IRQHandler            0x08000243   Thumb Code     0  startup_stm32f40_41xxx.o(.text)
    TIM1_UP_TIM10_IRQHandler                 0x08000243   Thumb Code     0  startup_stm32f40_41xxx.o(.text)
    TIM2_IRQHandler                          0x08000243   Thumb Code     0  startup_stm32f40_41xxx.o(.text)
    TIM3_IRQHandler                          0x08000243   Thumb Code     0  startup_stm32f40_41xxx.o(.text)
    TIM4_IRQHandler                          0x08000243   Thumb Code     0  startup_stm32f40_41xxx.o(.text)
    TIM5_IRQHandler                          0x08000243   Thumb Code     0  startup_stm32f40_41xxx.o(.text)
    TIM6_DAC_IRQHandler                      0x08000243   Thumb Code     0  startup_stm32f40_41xxx.o(.text)
    TIM7_IRQHandler                          0x08000243   Thumb Code     0  startup_stm32f40_41xxx.o(.text)
    TIM8_BRK_TIM12_IRQHandler                0x08000243   Thumb Code     0  startup_stm32f40_41xxx.o(.text)
    TIM8_CC_IRQHandler                       0x08000243   Thumb Code     0  startup_stm32f40_41xxx.o(.text)
    TIM8_TRG_COM_TIM14_IRQHandler            0x08000243   Thumb Code     0  startup_stm32f40_41xxx.o(.text)
    TIM8_UP_TIM13_IRQHandler                 0x08000243   Thumb Code     0  startup_stm32f40_41xxx.o(.text)
    UART4_IRQHandler                         0x08000243   Thumb Code     0  startup_stm32f40_41xxx.o(.text)
    UART5_IRQHandler                         0x08000243   Thumb Code     0  startup_stm32f40_41xxx.o(.text)
    USART2_IRQHandler                        0x08000243   Thumb Code     0  startup_stm32f40_41xxx.o(.text)
    USART3_IRQHandler                        0x08000243   Thumb Code     0  startup_stm32f40_41xxx.o(.text)
    USART6_IRQHandler                        0x08000243   Thumb Code     0  startup_stm32f40_41xxx.o(.text)
    WWDG_IRQHandler                          0x08000243   Thumb Code     0  startup_stm32f40_41xxx.o(.text)
    __user_initial_stackheap                 0x08000245   Thumb Code     0  startup_stm32f40_41xxx.o(.text)
    __use_two_region_memory                  0x08000269   Thumb Code     2  heapauxi.o(.text)
    __rt_heap_escrow                         0x0800026b   Thumb Code     2  heapauxi.o(.text)
    __rt_heap_expand                         0x0800026d   Thumb Code     2  heapauxi.o(.text)
    __user_libspace                          0x08000271   Thumb Code     8  libspace.o(.text)
    __user_perproc_libspace                  0x08000271   Thumb Code     0  libspace.o(.text)
    __user_perthread_libspace                0x08000271   Thumb Code     0  libspace.o(.text)
    __I$use$semihosting                      0x08000279   Thumb Code     0  use_no_semi.o(.text)
    __use_no_semihosting_swi                 0x08000279   Thumb Code     2  use_no_semi.o(.text)
    __semihosting_library_function           0x0800027b   Thumb Code     0  indicate_semi.o(.text)
    __user_setup_stackheap                   0x0800027b   Thumb Code    74  sys_stackheap_outer.o(.text)
    exit                                     0x080002c5   Thumb Code    18  exit.o(.text)
    _sys_exit                                0x080002d9   Thumb Code     8  sys_exit.o(.text)
    BusFault_Handler                         0x080002e5   Thumb Code     4  stm32f4xx_it.o(i.BusFault_Handler)
    DebugMon_Handler                         0x080002e9   Thumb Code     2  stm32f4xx_it.o(i.DebugMon_Handler)
    FSUS_CalcChecksum                        0x080002eb   Thumb Code    50  fashion_star_uart_servo.o(i.FSUS_CalcChecksum)
    FSUS_Package2RingBuffer                  0x0800031d   Thumb Code    58  fashion_star_uart_servo.o(i.FSUS_Package2RingBuffer)
    FSUS_QueryServoAngle                     0x08000359   Thumb Code   116  fashion_star_uart_servo.o(i.FSUS_QueryServoAngle)
    FSUS_QueryServoAngleMTurn                0x080003d5   Thumb Code   130  fashion_star_uart_servo.o(i.FSUS_QueryServoAngleMTurn)
    FSUS_RecvPackage                         0x08000461   Thumb Code   312  fashion_star_uart_servo.o(i.FSUS_RecvPackage)
    FSUS_SendPackage                         0x08000599   Thumb Code    62  fashion_star_uart_servo.o(i.FSUS_SendPackage)
    FSUS_SetServoAngle                       0x080005d9   Thumb Code   182  fashion_star_uart_servo.o(i.FSUS_SetServoAngle)
    FSUS_Wait                                0x08000699   Thumb Code   108  fashion_star_uart_servo.o(i.FSUS_Wait)
    GPIO_Init                                0x08000705   Thumb Code   144  stm32f4xx_gpio.o(i.GPIO_Init)
    GPIO_PinAFConfig                         0x08000795   Thumb Code    70  stm32f4xx_gpio.o(i.GPIO_PinAFConfig)
    GPIO_ResetBits                           0x080007db   Thumb Code     4  stm32f4xx_gpio.o(i.GPIO_ResetBits)
    GPIO_SetBits                             0x080007df   Thumb Code     4  stm32f4xx_gpio.o(i.GPIO_SetBits)
    GPIO_StructInit                          0x080007e3   Thumb Code    18  stm32f4xx_gpio.o(i.GPIO_StructInit)
    HardFault_Handler                        0x080007f5   Thumb Code     4  stm32f4xx_it.o(i.HardFault_Handler)
    InitArm                                  0x080007f9   Thumb Code   184  serial.o(i.InitArm)
    MOTOR_Init                               0x080008d1   Thumb Code   148  motor.o(i.MOTOR_Init)
    MemManage_Handler                        0x08000975   Thumb Code     4  stm32f4xx_it.o(i.MemManage_Handler)
    MotorPositionSetA                        0x08000979   Thumb Code   116  motor.o(i.MotorPositionSetA)
    MotorPositionSetB                        0x080009fd   Thumb Code   116  motor.o(i.MotorPositionSetB)
    MotorPositionSetC                        0x08000a81   Thumb Code   116  motor.o(i.MotorPositionSetC)
    MotorPositionSetD                        0x08000b05   Thumb Code   116  motor.o(i.MotorPositionSetD)
    Motor_Xianfu                             0x08000b89   Thumb Code    18  motor.o(i.Motor_Xianfu)
    My_abs                                   0x08000b9b   Thumb Code    14  motor.o(i.My_abs)
    NMI_Handler                              0x08000ba9   Thumb Code     2  stm32f4xx_it.o(i.NMI_Handler)
    NVIC_Init                                0x08000bad   Thumb Code   106  misc.o(i.NVIC_Init)
    NVIC_PriorityGroupConfig                 0x08000c25   Thumb Code    10  misc.o(i.NVIC_PriorityGroupConfig)
    Num_Encoder_Cnt                          0x08000c39   Thumb Code    38  encoder.o(i.Num_Encoder_Cnt)
    OLED_Clear                               0x08000c5f   Thumb Code    42  oled.o(i.OLED_Clear)
    OLED_I2C_Init                            0x08000c89   Thumb Code    76  oled.o(i.OLED_I2C_Init)
    OLED_I2C_SendByte                        0x08000cd9   Thumb Code    88  oled.o(i.OLED_I2C_SendByte)
    OLED_I2C_Start                           0x08000d35   Thumb Code    44  oled.o(i.OLED_I2C_Start)
    OLED_I2C_Stop                            0x08000d65   Thumb Code    34  oled.o(i.OLED_I2C_Stop)
    OLED_Init                                0x08000d8d   Thumb Code   174  oled.o(i.OLED_Init)
    OLED_SetCursor                           0x08000e3b   Thumb Code    34  oled.o(i.OLED_SetCursor)
    OLED_ShowChar                            0x08000e5d   Thumb Code   110  oled.o(i.OLED_ShowChar)
    OLED_WriteCommand                        0x08000ed1   Thumb Code    32  oled.o(i.OLED_WriteCommand)
    OLED_WriteData                           0x08000ef1   Thumb Code    32  oled.o(i.OLED_WriteData)
    PWM_SetCompare1                          0x08000f11   Thumb Code    14  timer.o(i.PWM_SetCompare1)
    PWM_SetCompare2                          0x08000f25   Thumb Code    14  timer.o(i.PWM_SetCompare2)
    PWM_SetCompare3                          0x08000f39   Thumb Code    14  timer.o(i.PWM_SetCompare3)
    PWM_SetCompare4                          0x08000f4d   Thumb Code    14  timer.o(i.PWM_SetCompare4)
    PendSV_Handler                           0x08000f61   Thumb Code     2  stm32f4xx_it.o(i.PendSV_Handler)
    PickUp                                   0x08000f65   Thumb Code   292  serial.o(i.PickUp)
    Position_PID                             0x080010a5   Thumb Code   186  pid.o(i.Position_PID)
    PutDown                                  0x08001185   Thumb Code   184  serial.o(i.PutDown)
    RCC_AHB1PeriphClockCmd                   0x08001255   Thumb Code    26  stm32f4xx_rcc.o(i.RCC_AHB1PeriphClockCmd)
    RCC_APB1PeriphClockCmd                   0x08001275   Thumb Code    26  stm32f4xx_rcc.o(i.RCC_APB1PeriphClockCmd)
    RCC_APB1PeriphResetCmd                   0x08001295   Thumb Code    26  stm32f4xx_rcc.o(i.RCC_APB1PeriphResetCmd)
    RCC_APB2PeriphClockCmd                   0x080012b5   Thumb Code    26  stm32f4xx_rcc.o(i.RCC_APB2PeriphClockCmd)
    RCC_APB2PeriphResetCmd                   0x080012d5   Thumb Code    26  stm32f4xx_rcc.o(i.RCC_APB2PeriphResetCmd)
    RCC_GetClocksFreq                        0x080012f5   Thumb Code   214  stm32f4xx_rcc.o(i.RCC_GetClocksFreq)
    RingBuffer_GetByteFree                   0x080013dd   Thumb Code    24  ring_buffer.o(i.RingBuffer_GetByteFree)
    RingBuffer_GetByteUsed                   0x080013f5   Thumb Code    42  ring_buffer.o(i.RingBuffer_GetByteUsed)
    RingBuffer_GetCapacity                   0x0800141f   Thumb Code    10  ring_buffer.o(i.RingBuffer_GetCapacity)
    RingBuffer_GetChecksum                   0x08001429   Thumb Code    40  ring_buffer.o(i.RingBuffer_GetChecksum)
    RingBuffer_GetValueByIndex               0x08001451   Thumb Code    44  ring_buffer.o(i.RingBuffer_GetValueByIndex)
    RingBuffer_Init                          0x0800147d   Thumb Code    38  ring_buffer.o(i.RingBuffer_Init)
    RingBuffer_IsEmpty                       0x080014a3   Thumb Code    30  ring_buffer.o(i.RingBuffer_IsEmpty)
    RingBuffer_IsFull                        0x080014c1   Thumb Code    20  ring_buffer.o(i.RingBuffer_IsFull)
    RingBuffer_Pop                           0x080014d5   Thumb Code    50  ring_buffer.o(i.RingBuffer_Pop)
    RingBuffer_Push                          0x08001507   Thumb Code    44  ring_buffer.o(i.RingBuffer_Push)
    RingBuffer_ReadByte                      0x08001533   Thumb Code    12  ring_buffer.o(i.RingBuffer_ReadByte)
    RingBuffer_WriteByte                     0x0800153f   Thumb Code    16  ring_buffer.o(i.RingBuffer_WriteByte)
    RingBuffer_WriteByteArray                0x0800154f   Thumb Code    30  ring_buffer.o(i.RingBuffer_WriteByteArray)
    RingBuffer_WriteShort                    0x0800156d   Thumb Code    18  ring_buffer.o(i.RingBuffer_WriteShort)
    RingBuffer_WriteUShort                   0x0800157f   Thumb Code    18  ring_buffer.o(i.RingBuffer_WriteUShort)
    Rpm_Encoder_Cnt                          0x08001591   Thumb Code    64  encoder.o(i.Rpm_Encoder_Cnt)
    SVC_Handler                              0x080015d1   Thumb Code     2  stm32f4xx_it.o(i.SVC_Handler)
    Serial_Init                              0x080015d5   Thumb Code   228  serial.o(i.Serial_Init)
    Serial_SendByte                          0x080016d5   Thumb Code    30  serial.o(i.Serial_SendByte)
    Set_Pwm                                  0x080017e1   Thumb Code   416  motor.o(i.Set_Pwm)
    Stock                                    0x08001995   Thumb Code   184  serial.o(i.Stock)
    SysTick_CountdownBegin                   0x08001a69   Thumb Code    10  delay.o(i.SysTick_CountdownBegin)
    SysTick_CountdownCancel                  0x08001a79   Thumb Code     8  delay.o(i.SysTick_CountdownCancel)
    SysTick_CountdownIsTimeout               0x08001a85   Thumb Code    14  delay.o(i.SysTick_CountdownIsTimeout)
    SysTick_DelayMs                          0x08001a99   Thumb Code    20  delay.o(i.SysTick_DelayMs)
    SysTick_Handler                          0x08001ab1   Thumb Code    18  delay.o(i.SysTick_Handler)
    SysTick_Init                             0x08001ac9   Thumb Code    82  delay.o(i.SysTick_Init)
    SystemInit                               0x08001b29   Thumb Code    88  system_stm32f4xx.o(i.SystemInit)
    TIM1_Encoder_Get                         0x08001cb5   Thumb Code    22  encoder.o(i.TIM1_Encoder_Get)
    TIM1_Encoder_Init                        0x08001cd1   Thumb Code   196  encoder.o(i.TIM1_Encoder_Init)
    TIM2_Encoder_Get                         0x08001d9d   Thumb Code    26  encoder.o(i.TIM2_Encoder_Get)
    TIM2_Encoder_Init                        0x08001db9   Thumb Code   222  encoder.o(i.TIM2_Encoder_Init)
    TIM3_Encoder_Get                         0x08001ea1   Thumb Code    22  encoder.o(i.TIM3_Encoder_Get)
    TIM3_Encoder_Init                        0x08001ebd   Thumb Code   210  encoder.o(i.TIM3_Encoder_Init)
    TIM4_Encoder_Get                         0x08001f99   Thumb Code    22  encoder.o(i.TIM4_Encoder_Get)
    TIM4_Encoder_Init                        0x08001fb5   Thumb Code   188  encoder.o(i.TIM4_Encoder_Init)
    TIM5_PWM_Init                            0x08002079   Thumb Code   258  timer.o(i.TIM5_PWM_Init)
    TIM_ClearFlag                            0x08002185   Thumb Code     6  stm32f4xx_tim.o(i.TIM_ClearFlag)
    TIM_Cmd                                  0x0800218b   Thumb Code    24  stm32f4xx_tim.o(i.TIM_Cmd)
    TIM_CtrlPWMOutputs                       0x080021a3   Thumb Code    30  stm32f4xx_tim.o(i.TIM_CtrlPWMOutputs)
    TIM_DeInit                               0x080021c1   Thumb Code   346  stm32f4xx_tim.o(i.TIM_DeInit)
    TIM_EncoderInterfaceConfig               0x08002351   Thumb Code    66  stm32f4xx_tim.o(i.TIM_EncoderInterfaceConfig)
    TIM_Encoder_Init                         0x08002393   Thumb Code    20  encoder.o(i.TIM_Encoder_Init)
    TIM_GetCounter                           0x080023a7   Thumb Code     6  stm32f4xx_tim.o(i.TIM_GetCounter)
    TIM_ICInit                               0x080023ad   Thumb Code   110  stm32f4xx_tim.o(i.TIM_ICInit)
    TIM_ICStructInit                         0x0800241b   Thumb Code    18  stm32f4xx_tim.o(i.TIM_ICStructInit)
    TIM_ITConfig                             0x0800242d   Thumb Code    18  stm32f4xx_tim.o(i.TIM_ITConfig)
    TIM_InternalClockConfig                  0x0800243f   Thumb Code    12  stm32f4xx_tim.o(i.TIM_InternalClockConfig)
    TIM_OC1Init                              0x0800244d   Thumb Code   114  stm32f4xx_tim.o(i.TIM_OC1Init)
    TIM_OC2Init                              0x080024c9   Thumb Code   154  stm32f4xx_tim.o(i.TIM_OC2Init)
    TIM_OC3Init                              0x0800256d   Thumb Code   150  stm32f4xx_tim.o(i.TIM_OC3Init)
    TIM_OC4Init                              0x0800260d   Thumb Code   112  stm32f4xx_tim.o(i.TIM_OC4Init)
    TIM_OCStructInit                         0x08002685   Thumb Code    20  stm32f4xx_tim.o(i.TIM_OCStructInit)
    TIM_SetCompare1                          0x08002699   Thumb Code     4  stm32f4xx_tim.o(i.TIM_SetCompare1)
    TIM_SetCompare2                          0x0800269d   Thumb Code     4  stm32f4xx_tim.o(i.TIM_SetCompare2)
    TIM_SetCompare3                          0x080026a1   Thumb Code     4  stm32f4xx_tim.o(i.TIM_SetCompare3)
    TIM_SetCompare4                          0x080026a5   Thumb Code     4  stm32f4xx_tim.o(i.TIM_SetCompare4)
    TIM_SetCounter                           0x080026a9   Thumb Code     4  stm32f4xx_tim.o(i.TIM_SetCounter)
    TIM_SetIC1Prescaler                      0x080026ad   Thumb Code    18  stm32f4xx_tim.o(i.TIM_SetIC1Prescaler)
    TIM_SetIC2Prescaler                      0x080026bf   Thumb Code    26  stm32f4xx_tim.o(i.TIM_SetIC2Prescaler)
    TIM_SetIC3Prescaler                      0x080026d9   Thumb Code    18  stm32f4xx_tim.o(i.TIM_SetIC3Prescaler)
    TIM_SetIC4Prescaler                      0x080026eb   Thumb Code    26  stm32f4xx_tim.o(i.TIM_SetIC4Prescaler)
    TIM_TimeBaseInit                         0x08002705   Thumb Code   104  stm32f4xx_tim.o(i.TIM_TimeBaseInit)
    TIM_TimeBaseStructInit                   0x08002789   Thumb Code    18  stm32f4xx_tim.o(i.TIM_TimeBaseStructInit)
    USART1_IRQHandler                        0x0800279d   Thumb Code    36  serial.o(i.USART1_IRQHandler)
    USART_Cmd                                0x080027c9   Thumb Code    24  stm32f4xx_usart.o(i.USART_Cmd)
    USART_GetFlagStatus                      0x080027e1   Thumb Code    26  stm32f4xx_usart.o(i.USART_GetFlagStatus)
    USART_GetITStatus                        0x080027fb   Thumb Code    84  stm32f4xx_usart.o(i.USART_GetITStatus)
    USART_ITConfig                           0x0800284f   Thumb Code    74  stm32f4xx_usart.o(i.USART_ITConfig)
    USART_Init                               0x08002899   Thumb Code   204  stm32f4xx_usart.o(i.USART_Init)
    USART_ReceiveData                        0x0800296d   Thumb Code    10  stm32f4xx_usart.o(i.USART_ReceiveData)
    USART_SendData                           0x08002977   Thumb Code     8  stm32f4xx_usart.o(i.USART_SendData)
    UsageFault_Handler                       0x0800297f   Thumb Code     4  stm32f4xx_it.o(i.UsageFault_Handler)
    Usart_SendAll                            0x08002983   Thumb Code    34  serial.o(i.Usart_SendAll)
    f_get_timebase_flag                      0x080029a5   Thumb Code   170  globalfunction.o(i.f_get_timebase_flag)
    main                                     0x08002a59   Thumb Code   618  main.o(i.main)
    xian_fu                                  0x08002cf5   Thumb Code    16  motor.o(i.xian_fu)
    __aeabi_d2f                              0x08002d05   Thumb Code     0  d2f.o(x$fpl$d2f)
    _d2f                                     0x08002d05   Thumb Code    98  d2f.o(x$fpl$d2f)
    __aeabi_ddiv                             0x08002d69   Thumb Code     0  ddiv.o(x$fpl$ddiv)
    _ddiv                                    0x08002d69   Thumb Code   552  ddiv.o(x$fpl$ddiv)
    __aeabi_i2d                              0x08003019   Thumb Code     0  dflt_clz.o(x$fpl$dflt)
    _dflt                                    0x08003019   Thumb Code    46  dflt_clz.o(x$fpl$dflt)
    __fpl_dnaninf                            0x08003047   Thumb Code   156  dnaninf.o(x$fpl$dnaninf)
    __fpl_dretinf                            0x080030e3   Thumb Code    12  dretinf.o(x$fpl$dretinf)
    _fp_init                                 0x080030ef   Thumb Code    10  fpinit.o(x$fpl$fpinit)
    __fplib_config_fpu_vfp                   0x080030f7   Thumb Code     0  fpinit.o(x$fpl$fpinit)
    __fplib_config_pureend_doubles           0x080030f7   Thumb Code     0  fpinit.o(x$fpl$fpinit)
    __fpl_fretinf                            0x080030f9   Thumb Code    10  fretinf.o(x$fpl$fretinf)
    OLED_F8x16                               0x08003102   Data        1520  oled.o(.constdata)
    __I$use$fp                               0x08003102   Number         0  usenofp.o(x$fpl$usenofp)
    Region$$Table$$Base                      0x080036f4   Number         0  anon$$obj.o(Region$$Table)
    Region$$Table$$Limit                     0x08003714   Number         0  anon$$obj.o(Region$$Table)
    SystemCoreClock                          0x20000000   Data           4  system_stm32f4xx.o(.data)
    AHBPrescTable                            0x20000004   Data          16  system_stm32f4xx.o(.data)
    Incremental_KP                           0x2000002c   Data           4  motor.o(.data)
    Incremental_KI                           0x20000030   Data           4  motor.o(.data)
    Incremental_KD                           0x20000034   Data           4  motor.o(.data)
    Position_KP                              0x20000038   Data           4  motor.o(.data)
    Position_KI                              0x2000003c   Data           4  motor.o(.data)
    Position_KD                              0x20000040   Data           4  motor.o(.data)
    Target_Velocity                          0x20000044   Data           4  motor.o(.data)
    Reality_Velocity                         0x20000048   Data           4  motor.o(.data)
    Target_Position_WW                       0x2000004c   Data           4  motor.o(.data)
    Target_Position_CCW                      0x20000050   Data           4  motor.o(.data)
    Reality_PositionA                        0x20000054   Data           4  motor.o(.data)
    Reality_PositionB                        0x20000058   Data           4  motor.o(.data)
    Reality_PositionC                        0x2000005c   Data           4  motor.o(.data)
    Reality_PositionD                        0x20000060   Data           4  motor.o(.data)
    Pwm_Out                                  0x20000064   Data           4  motor.o(.data)
    num                                      0x20000068   Data           4  motor.o(.data)
    rpm_real                                 0x2000006c   Data           4  motor.o(.data)
    RxData                                   0x20000080   Data           1  main.o(.data)
    direction                                0x20000082   Data           2  main.o(.data)
    Integral_Eorr                            0x20000084   Data           4  pid.o(.data)
    TIME_BASE                                0x200000a8   Data           1  globalfunction.o(.data)
    time_base_count                          0x200000aa   Data           2  globalfunction.o(.data)
    Serial_RxData                            0x200000ac   Data           1  serial.o(.data)
    Serial_RxFlag                            0x200000ad   Data           1  serial.o(.data)
    servo_usart                              0x200000b0   Data           4  serial.o(.data)
    interval                                 0x200000b4   Data           2  serial.o(.data)
    power                                    0x200000b6   Data           2  serial.o(.data)
    wait                                     0x200000b8   Data           1  serial.o(.data)
    is_mturn                                 0x200000b9   Data           1  serial.o(.data)
    PROTOCOL_INFO                            0x200000c0   Data          96  protocol.o(.bss)
    MODE_OWN_INFO                            0x20000120   Data         256  protocol.o(.bss)
    usart1SendBuf                            0x20000220   Data        2049  serial.o(.bss)
    usart1RecvBuf                            0x20000a21   Data        2049  serial.o(.bss)
    usart1SendRingBuf                        0x20001224   Data          12  serial.o(.bss)
    usart1RecvRingBuf                        0x20001230   Data          12  serial.o(.bss)
    usart1                                   0x2000123c   Data          12  serial.o(.bss)
    __libspace_start                         0x20001248   Data          96  libspace.o(.bss)
    __temporary_stack_top$libspace           0x200012a8   Data           0  libspace.o(.bss)



==============================================================================

Memory Map of the image

  Image Entry point : 0x08000189

  Load Region LR_IROM1 (Base: 0x08000000, Size: 0x000037d0, Max: 0x00080000, ABSOLUTE)

    Execution Region ER_IROM1 (Exec base: 0x08000000, Load base: 0x08000000, Size: 0x00003714, Max: 0x00080000, ABSOLUTE)

    Exec Addr    Load Addr    Size         Type   Attr      Idx    E Section Name        Object

    0x08000000   0x08000000   0x00000188   Data   RO          147    RESET               startup_stm32f40_41xxx.o
    0x08000188   0x08000188   0x00000008   Code   RO         6533  * !!!main             c_w.l(__main.o)
    0x08000190   0x08000190   0x00000034   Code   RO         6755    !!!scatter          c_w.l(__scatter.o)
    0x080001c4   0x080001c4   0x0000001a   Code   RO         6757    !!handler_copy      c_w.l(__scatter_copy.o)
    0x080001de   0x080001de   0x00000002   PAD
    0x080001e0   0x080001e0   0x0000001c   Code   RO         6759    !!handler_zi        c_w.l(__scatter_zi.o)
    0x080001fc   0x080001fc   0x00000002   Code   RO         6694    .ARM.Collect$$libinit$$00000000  c_w.l(libinit.o)
    0x080001fe   0x080001fe   0x00000004   Code   RO         6579    .ARM.Collect$$libinit$$00000001  c_w.l(libinit2.o)
    0x08000202   0x08000202   0x00000000   Code   RO         6582    .ARM.Collect$$libinit$$00000004  c_w.l(libinit2.o)
    0x08000202   0x08000202   0x00000000   Code   RO         6585    .ARM.Collect$$libinit$$0000000A  c_w.l(libinit2.o)
    0x08000202   0x08000202   0x00000000   Code   RO         6587    .ARM.Collect$$libinit$$0000000C  c_w.l(libinit2.o)
    0x08000202   0x08000202   0x00000000   Code   RO         6589    .ARM.Collect$$libinit$$0000000E  c_w.l(libinit2.o)
    0x08000202   0x08000202   0x00000000   Code   RO         6592    .ARM.Collect$$libinit$$00000011  c_w.l(libinit2.o)
    0x08000202   0x08000202   0x00000000   Code   RO         6594    .ARM.Collect$$libinit$$00000013  c_w.l(libinit2.o)
    0x08000202   0x08000202   0x00000000   Code   RO         6596    .ARM.Collect$$libinit$$00000015  c_w.l(libinit2.o)
    0x08000202   0x08000202   0x00000000   Code   RO         6598    .ARM.Collect$$libinit$$00000017  c_w.l(libinit2.o)
    0x08000202   0x08000202   0x00000000   Code   RO         6600    .ARM.Collect$$libinit$$00000019  c_w.l(libinit2.o)
    0x08000202   0x08000202   0x00000000   Code   RO         6602    .ARM.Collect$$libinit$$0000001B  c_w.l(libinit2.o)
    0x08000202   0x08000202   0x00000000   Code   RO         6604    .ARM.Collect$$libinit$$0000001D  c_w.l(libinit2.o)
    0x08000202   0x08000202   0x00000000   Code   RO         6606    .ARM.Collect$$libinit$$0000001F  c_w.l(libinit2.o)
    0x08000202   0x08000202   0x00000000   Code   RO         6608    .ARM.Collect$$libinit$$00000021  c_w.l(libinit2.o)
    0x08000202   0x08000202   0x00000000   Code   RO         6610    .ARM.Collect$$libinit$$00000023  c_w.l(libinit2.o)
    0x08000202   0x08000202   0x00000000   Code   RO         6612    .ARM.Collect$$libinit$$00000025  c_w.l(libinit2.o)
    0x08000202   0x08000202   0x00000000   Code   RO         6616    .ARM.Collect$$libinit$$0000002C  c_w.l(libinit2.o)
    0x08000202   0x08000202   0x00000000   Code   RO         6618    .ARM.Collect$$libinit$$0000002E  c_w.l(libinit2.o)
    0x08000202   0x08000202   0x00000000   Code   RO         6620    .ARM.Collect$$libinit$$00000030  c_w.l(libinit2.o)
    0x08000202   0x08000202   0x00000000   Code   RO         6622    .ARM.Collect$$libinit$$00000032  c_w.l(libinit2.o)
    0x08000202   0x08000202   0x00000002   Code   RO         6623    .ARM.Collect$$libinit$$00000033  c_w.l(libinit2.o)
    0x08000204   0x08000204   0x00000002   Code   RO         6752    .ARM.Collect$$libshutdown$$00000000  c_w.l(libshutdown.o)
    0x08000206   0x08000206   0x00000000   Code   RO         6708    .ARM.Collect$$libshutdown$$00000002  c_w.l(libshutdown2.o)
    0x08000206   0x08000206   0x00000000   Code   RO         6710    .ARM.Collect$$libshutdown$$00000004  c_w.l(libshutdown2.o)
    0x08000206   0x08000206   0x00000000   Code   RO         6713    .ARM.Collect$$libshutdown$$00000007  c_w.l(libshutdown2.o)
    0x08000206   0x08000206   0x00000000   Code   RO         6716    .ARM.Collect$$libshutdown$$0000000A  c_w.l(libshutdown2.o)
    0x08000206   0x08000206   0x00000000   Code   RO         6718    .ARM.Collect$$libshutdown$$0000000C  c_w.l(libshutdown2.o)
    0x08000206   0x08000206   0x00000000   Code   RO         6721    .ARM.Collect$$libshutdown$$0000000F  c_w.l(libshutdown2.o)
    0x08000206   0x08000206   0x00000002   Code   RO         6722    .ARM.Collect$$libshutdown$$00000010  c_w.l(libshutdown2.o)
    0x08000208   0x08000208   0x00000000   Code   RO         6549    .ARM.Collect$$rtentry$$00000000  c_w.l(__rtentry.o)
    0x08000208   0x08000208   0x00000000   Code   RO         6637    .ARM.Collect$$rtentry$$00000002  c_w.l(__rtentry2.o)
    0x08000208   0x08000208   0x00000006   Code   RO         6649    .ARM.Collect$$rtentry$$00000004  c_w.l(__rtentry4.o)
    0x0800020e   0x0800020e   0x00000000   Code   RO         6639    .ARM.Collect$$rtentry$$00000009  c_w.l(__rtentry2.o)
    0x0800020e   0x0800020e   0x00000004   Code   RO         6640    .ARM.Collect$$rtentry$$0000000A  c_w.l(__rtentry2.o)
    0x08000212   0x08000212   0x00000000   Code   RO         6642    .ARM.Collect$$rtentry$$0000000C  c_w.l(__rtentry2.o)
    0x08000212   0x08000212   0x00000008   Code   RO         6643    .ARM.Collect$$rtentry$$0000000D  c_w.l(__rtentry2.o)
    0x0800021a   0x0800021a   0x00000002   Code   RO         6697    .ARM.Collect$$rtexit$$00000000  c_w.l(rtexit.o)
    0x0800021c   0x0800021c   0x00000000   Code   RO         6726    .ARM.Collect$$rtexit$$00000002  c_w.l(rtexit2.o)
    0x0800021c   0x0800021c   0x00000004   Code   RO         6727    .ARM.Collect$$rtexit$$00000003  c_w.l(rtexit2.o)
    0x08000220   0x08000220   0x00000006   Code   RO         6728    .ARM.Collect$$rtexit$$00000004  c_w.l(rtexit2.o)
    0x08000226   0x08000226   0x00000002   PAD
    0x08000228   0x08000228   0x00000040   Code   RO          148    .text               startup_stm32f40_41xxx.o
    0x08000268   0x08000268   0x00000006   Code   RO         6531    .text               c_w.l(heapauxi.o)
    0x0800026e   0x0800026e   0x00000002   PAD
    0x08000270   0x08000270   0x00000008   Code   RO         6633    .text               c_w.l(libspace.o)
    0x08000278   0x08000278   0x00000002   Code   RO         6670    .text               c_w.l(use_no_semi.o)
    0x0800027a   0x0800027a   0x00000000   Code   RO         6672    .text               c_w.l(indicate_semi.o)
    0x0800027a   0x0800027a   0x0000004a   Code   RO         6673    .text               c_w.l(sys_stackheap_outer.o)
    0x080002c4   0x080002c4   0x00000012   Code   RO         6679    .text               c_w.l(exit.o)
    0x080002d6   0x080002d6   0x00000002   PAD
    0x080002d8   0x080002d8   0x0000000c   Code   RO         6695    .text               c_w.l(sys_exit.o)
    0x080002e4   0x080002e4   0x00000004   Code   RO         5261    i.BusFault_Handler  stm32f4xx_it.o
    0x080002e8   0x080002e8   0x00000002   Code   RO         5262    i.DebugMon_Handler  stm32f4xx_it.o
    0x080002ea   0x080002ea   0x00000032   Code   RO         6118    i.FSUS_CalcChecksum  fashion_star_uart_servo.o
    0x0800031c   0x0800031c   0x0000003a   Code   RO         6121    i.FSUS_Package2RingBuffer  fashion_star_uart_servo.o
    0x08000356   0x08000356   0x00000002   PAD
    0x08000358   0x08000358   0x0000007c   Code   RO         6123    i.FSUS_QueryServoAngle  fashion_star_uart_servo.o
    0x080003d4   0x080003d4   0x0000008c   Code   RO         6124    i.FSUS_QueryServoAngleMTurn  fashion_star_uart_servo.o
    0x08000460   0x08000460   0x00000138   Code   RO         6126    i.FSUS_RecvPackage  fashion_star_uart_servo.o
    0x08000598   0x08000598   0x0000003e   Code   RO         6129    i.FSUS_SendPackage  fashion_star_uart_servo.o
    0x080005d6   0x080005d6   0x00000002   PAD
    0x080005d8   0x080005d8   0x000000c0   Code   RO         6130    i.FSUS_SetServoAngle  fashion_star_uart_servo.o
    0x08000698   0x08000698   0x0000006c   Code   RO         6136    i.FSUS_Wait         fashion_star_uart_servo.o
    0x08000704   0x08000704   0x00000090   Code   RO         2092    i.GPIO_Init         stm32f4xx_gpio.o
    0x08000794   0x08000794   0x00000046   Code   RO         2093    i.GPIO_PinAFConfig  stm32f4xx_gpio.o
    0x080007da   0x080007da   0x00000004   Code   RO         2099    i.GPIO_ResetBits    stm32f4xx_gpio.o
    0x080007de   0x080007de   0x00000004   Code   RO         2100    i.GPIO_SetBits      stm32f4xx_gpio.o
    0x080007e2   0x080007e2   0x00000012   Code   RO         2101    i.GPIO_StructInit   stm32f4xx_gpio.o
    0x080007f4   0x080007f4   0x00000004   Code   RO         5263    i.HardFault_Handler  stm32f4xx_it.o
    0x080007f8   0x080007f8   0x000000d8   Code   RO         5923    i.InitArm           serial.o
    0x080008d0   0x080008d0   0x000000a4   Code   RO         5472    i.MOTOR_Init        motor.o
    0x08000974   0x08000974   0x00000004   Code   RO         5264    i.MemManage_Handler  stm32f4xx_it.o
    0x08000978   0x08000978   0x00000084   Code   RO         5473    i.MotorPositionSetA  motor.o
    0x080009fc   0x080009fc   0x00000084   Code   RO         5474    i.MotorPositionSetB  motor.o
    0x08000a80   0x08000a80   0x00000084   Code   RO         5475    i.MotorPositionSetC  motor.o
    0x08000b04   0x08000b04   0x00000084   Code   RO         5476    i.MotorPositionSetD  motor.o
    0x08000b88   0x08000b88   0x00000012   Code   RO         5477    i.Motor_Xianfu      motor.o
    0x08000b9a   0x08000b9a   0x0000000e   Code   RO         5478    i.My_abs            motor.o
    0x08000ba8   0x08000ba8   0x00000002   Code   RO         5265    i.NMI_Handler       stm32f4xx_it.o
    0x08000baa   0x08000baa   0x00000002   PAD
    0x08000bac   0x08000bac   0x00000078   Code   RO          155    i.NVIC_Init         misc.o
    0x08000c24   0x08000c24   0x00000014   Code   RO          156    i.NVIC_PriorityGroupConfig  misc.o
    0x08000c38   0x08000c38   0x00000026   Code   RO         5580    i.Num_Encoder_Cnt   encoder.o
    0x08000c5e   0x08000c5e   0x0000002a   Code   RO         5802    i.OLED_Clear        oled.o
    0x08000c88   0x08000c88   0x00000050   Code   RO         5803    i.OLED_I2C_Init     oled.o
    0x08000cd8   0x08000cd8   0x0000005c   Code   RO         5804    i.OLED_I2C_SendByte  oled.o
    0x08000d34   0x08000d34   0x00000030   Code   RO         5805    i.OLED_I2C_Start    oled.o
    0x08000d64   0x08000d64   0x00000028   Code   RO         5806    i.OLED_I2C_Stop     oled.o
    0x08000d8c   0x08000d8c   0x000000ae   Code   RO         5807    i.OLED_Init         oled.o
    0x08000e3a   0x08000e3a   0x00000022   Code   RO         5809    i.OLED_SetCursor    oled.o
    0x08000e5c   0x08000e5c   0x00000074   Code   RO         5811    i.OLED_ShowChar     oled.o
    0x08000ed0   0x08000ed0   0x00000020   Code   RO         5816    i.OLED_WriteCommand  oled.o
    0x08000ef0   0x08000ef0   0x00000020   Code   RO         5817    i.OLED_WriteData    oled.o
    0x08000f10   0x08000f10   0x00000014   Code   RO         5424    i.PWM_SetCompare1   timer.o
    0x08000f24   0x08000f24   0x00000014   Code   RO         5425    i.PWM_SetCompare2   timer.o
    0x08000f38   0x08000f38   0x00000014   Code   RO         5426    i.PWM_SetCompare3   timer.o
    0x08000f4c   0x08000f4c   0x00000014   Code   RO         5427    i.PWM_SetCompare4   timer.o
    0x08000f60   0x08000f60   0x00000002   Code   RO         5266    i.PendSV_Handler    stm32f4xx_it.o
    0x08000f62   0x08000f62   0x00000002   PAD
    0x08000f64   0x08000f64   0x00000140   Code   RO         5924    i.PickUp            serial.o
    0x080010a4   0x080010a4   0x000000e0   Code   RO         5711    i.Position_PID      pid.o
    0x08001184   0x08001184   0x000000d0   Code   RO         5925    i.PutDown           serial.o
    0x08001254   0x08001254   0x00000020   Code   RO         3033    i.RCC_AHB1PeriphClockCmd  stm32f4xx_rcc.o
    0x08001274   0x08001274   0x00000020   Code   RO         3042    i.RCC_APB1PeriphClockCmd  stm32f4xx_rcc.o
    0x08001294   0x08001294   0x00000020   Code   RO         3044    i.RCC_APB1PeriphResetCmd  stm32f4xx_rcc.o
    0x080012b4   0x080012b4   0x00000020   Code   RO         3045    i.RCC_APB2PeriphClockCmd  stm32f4xx_rcc.o
    0x080012d4   0x080012d4   0x00000020   Code   RO         3047    i.RCC_APB2PeriphResetCmd  stm32f4xx_rcc.o
    0x080012f4   0x080012f4   0x000000e8   Code   RO         3054    i.RCC_GetClocksFreq  stm32f4xx_rcc.o
    0x080013dc   0x080013dc   0x00000018   Code   RO         6298    i.RingBuffer_GetByteFree  ring_buffer.o
    0x080013f4   0x080013f4   0x0000002a   Code   RO         6299    i.RingBuffer_GetByteUsed  ring_buffer.o
    0x0800141e   0x0800141e   0x0000000a   Code   RO         6300    i.RingBuffer_GetCapacity  ring_buffer.o
    0x08001428   0x08001428   0x00000028   Code   RO         6301    i.RingBuffer_GetChecksum  ring_buffer.o
    0x08001450   0x08001450   0x0000002c   Code   RO         6302    i.RingBuffer_GetValueByIndex  ring_buffer.o
    0x0800147c   0x0800147c   0x00000026   Code   RO         6303    i.RingBuffer_Init   ring_buffer.o
    0x080014a2   0x080014a2   0x0000001e   Code   RO         6304    i.RingBuffer_IsEmpty  ring_buffer.o
    0x080014c0   0x080014c0   0x00000014   Code   RO         6305    i.RingBuffer_IsFull  ring_buffer.o
    0x080014d4   0x080014d4   0x00000032   Code   RO         6306    i.RingBuffer_Pop    ring_buffer.o
    0x08001506   0x08001506   0x0000002c   Code   RO         6307    i.RingBuffer_Push   ring_buffer.o
    0x08001532   0x08001532   0x0000000c   Code   RO         6308    i.RingBuffer_ReadByte  ring_buffer.o
    0x0800153e   0x0800153e   0x00000010   Code   RO         6316    i.RingBuffer_WriteByte  ring_buffer.o
    0x0800154e   0x0800154e   0x0000001e   Code   RO         6317    i.RingBuffer_WriteByteArray  ring_buffer.o
    0x0800156c   0x0800156c   0x00000012   Code   RO         6320    i.RingBuffer_WriteShort  ring_buffer.o
    0x0800157e   0x0800157e   0x00000012   Code   RO         6322    i.RingBuffer_WriteUShort  ring_buffer.o
    0x08001590   0x08001590   0x00000040   Code   RO         5581    i.Rpm_Encoder_Cnt   encoder.o
    0x080015d0   0x080015d0   0x00000002   Code   RO         5267    i.SVC_Handler       stm32f4xx_it.o
    0x080015d2   0x080015d2   0x00000002   PAD
    0x080015d4   0x080015d4   0x00000100   Code   RO         5929    i.Serial_Init       serial.o
    0x080016d4   0x080016d4   0x0000001e   Code   RO         5932    i.Serial_SendByte   serial.o
    0x080016f2   0x080016f2   0x00000002   PAD
    0x080016f4   0x080016f4   0x000000ec   Code   RO            4    i.SetSysClock       system_stm32f4xx.o
    0x080017e0   0x080017e0   0x000001b4   Code   RO         5479    i.Set_Pwm           motor.o
    0x08001994   0x08001994   0x000000d4   Code   RO         5934    i.Stock             serial.o
    0x08001a68   0x08001a68   0x00000010   Code   RO         5347    i.SysTick_CountdownBegin  delay.o
    0x08001a78   0x08001a78   0x0000000c   Code   RO         5348    i.SysTick_CountdownCancel  delay.o
    0x08001a84   0x08001a84   0x00000014   Code   RO         5349    i.SysTick_CountdownIsTimeout  delay.o
    0x08001a98   0x08001a98   0x00000018   Code   RO         5350    i.SysTick_DelayMs   delay.o
    0x08001ab0   0x08001ab0   0x00000018   Code   RO         5352    i.SysTick_Handler   delay.o
    0x08001ac8   0x08001ac8   0x00000060   Code   RO         5353    i.SysTick_Init      delay.o
    0x08001b28   0x08001b28   0x00000068   Code   RO            6    i.SystemInit        system_stm32f4xx.o
    0x08001b90   0x08001b90   0x0000003a   Code   RO         4428    i.TI1_Config        stm32f4xx_tim.o
    0x08001bca   0x08001bca   0x00000050   Code   RO         4429    i.TI2_Config        stm32f4xx_tim.o
    0x08001c1a   0x08001c1a   0x00000048   Code   RO         4430    i.TI3_Config        stm32f4xx_tim.o
    0x08001c62   0x08001c62   0x00000050   Code   RO         4431    i.TI4_Config        stm32f4xx_tim.o
    0x08001cb2   0x08001cb2   0x00000002   PAD
    0x08001cb4   0x08001cb4   0x0000001c   Code   RO         5582    i.TIM1_Encoder_Get  encoder.o
    0x08001cd0   0x08001cd0   0x000000cc   Code   RO         5583    i.TIM1_Encoder_Init  encoder.o
    0x08001d9c   0x08001d9c   0x0000001a   Code   RO         5584    i.TIM2_Encoder_Get  encoder.o
    0x08001db6   0x08001db6   0x00000002   PAD
    0x08001db8   0x08001db8   0x000000e8   Code   RO         5585    i.TIM2_Encoder_Init  encoder.o
    0x08001ea0   0x08001ea0   0x0000001c   Code   RO         5586    i.TIM3_Encoder_Get  encoder.o
    0x08001ebc   0x08001ebc   0x000000dc   Code   RO         5587    i.TIM3_Encoder_Init  encoder.o
    0x08001f98   0x08001f98   0x0000001c   Code   RO         5588    i.TIM4_Encoder_Get  encoder.o
    0x08001fb4   0x08001fb4   0x000000c4   Code   RO         5589    i.TIM4_Encoder_Init  encoder.o
    0x08002078   0x08002078   0x0000010c   Code   RO         5428    i.TIM5_PWM_Init     timer.o
    0x08002184   0x08002184   0x00000006   Code   RO         4438    i.TIM_ClearFlag     stm32f4xx_tim.o
    0x0800218a   0x0800218a   0x00000018   Code   RO         4444    i.TIM_Cmd           stm32f4xx_tim.o
    0x080021a2   0x080021a2   0x0000001e   Code   RO         4446    i.TIM_CtrlPWMOutputs  stm32f4xx_tim.o
    0x080021c0   0x080021c0   0x00000190   Code   RO         4449    i.TIM_DeInit        stm32f4xx_tim.o
    0x08002350   0x08002350   0x00000042   Code   RO         4453    i.TIM_EncoderInterfaceConfig  stm32f4xx_tim.o
    0x08002392   0x08002392   0x00000014   Code   RO         5590    i.TIM_Encoder_Init  encoder.o
    0x080023a6   0x080023a6   0x00000006   Code   RO         4463    i.TIM_GetCounter    stm32f4xx_tim.o
    0x080023ac   0x080023ac   0x0000006e   Code   RO         4467    i.TIM_ICInit        stm32f4xx_tim.o
    0x0800241a   0x0800241a   0x00000012   Code   RO         4468    i.TIM_ICStructInit  stm32f4xx_tim.o
    0x0800242c   0x0800242c   0x00000012   Code   RO         4469    i.TIM_ITConfig      stm32f4xx_tim.o
    0x0800243e   0x0800243e   0x0000000c   Code   RO         4471    i.TIM_InternalClockConfig  stm32f4xx_tim.o
    0x0800244a   0x0800244a   0x00000002   PAD
    0x0800244c   0x0800244c   0x0000007c   Code   RO         4473    i.TIM_OC1Init       stm32f4xx_tim.o
    0x080024c8   0x080024c8   0x000000a4   Code   RO         4478    i.TIM_OC2Init       stm32f4xx_tim.o
    0x0800256c   0x0800256c   0x000000a0   Code   RO         4483    i.TIM_OC3Init       stm32f4xx_tim.o
    0x0800260c   0x0800260c   0x00000078   Code   RO         4488    i.TIM_OC4Init       stm32f4xx_tim.o
    0x08002684   0x08002684   0x00000014   Code   RO         4491    i.TIM_OCStructInit  stm32f4xx_tim.o
    0x08002698   0x08002698   0x00000004   Code   RO         4506    i.TIM_SetCompare1   stm32f4xx_tim.o
    0x0800269c   0x0800269c   0x00000004   Code   RO         4507    i.TIM_SetCompare2   stm32f4xx_tim.o
    0x080026a0   0x080026a0   0x00000004   Code   RO         4508    i.TIM_SetCompare3   stm32f4xx_tim.o
    0x080026a4   0x080026a4   0x00000004   Code   RO         4509    i.TIM_SetCompare4   stm32f4xx_tim.o
    0x080026a8   0x080026a8   0x00000004   Code   RO         4510    i.TIM_SetCounter    stm32f4xx_tim.o
    0x080026ac   0x080026ac   0x00000012   Code   RO         4511    i.TIM_SetIC1Prescaler  stm32f4xx_tim.o
    0x080026be   0x080026be   0x0000001a   Code   RO         4512    i.TIM_SetIC2Prescaler  stm32f4xx_tim.o
    0x080026d8   0x080026d8   0x00000012   Code   RO         4513    i.TIM_SetIC3Prescaler  stm32f4xx_tim.o
    0x080026ea   0x080026ea   0x0000001a   Code   RO         4514    i.TIM_SetIC4Prescaler  stm32f4xx_tim.o
    0x08002704   0x08002704   0x00000084   Code   RO         4516    i.TIM_TimeBaseInit  stm32f4xx_tim.o
    0x08002788   0x08002788   0x00000012   Code   RO         4517    i.TIM_TimeBaseStructInit  stm32f4xx_tim.o
    0x0800279a   0x0800279a   0x00000002   PAD
    0x0800279c   0x0800279c   0x0000002c   Code   RO         5935    i.USART1_IRQHandler  serial.o
    0x080027c8   0x080027c8   0x00000018   Code   RO         5001    i.USART_Cmd         stm32f4xx_usart.o
    0x080027e0   0x080027e0   0x0000001a   Code   RO         5004    i.USART_GetFlagStatus  stm32f4xx_usart.o
    0x080027fa   0x080027fa   0x00000054   Code   RO         5005    i.USART_GetITStatus  stm32f4xx_usart.o
    0x0800284e   0x0800284e   0x0000004a   Code   RO         5007    i.USART_ITConfig    stm32f4xx_usart.o
    0x08002898   0x08002898   0x000000d4   Code   RO         5008    i.USART_Init        stm32f4xx_usart.o
    0x0800296c   0x0800296c   0x0000000a   Code   RO         5015    i.USART_ReceiveData  stm32f4xx_usart.o
    0x08002976   0x08002976   0x00000008   Code   RO         5018    i.USART_SendData    stm32f4xx_usart.o
    0x0800297e   0x0800297e   0x00000004   Code   RO         5268    i.UsageFault_Handler  stm32f4xx_it.o
    0x08002982   0x08002982   0x00000022   Code   RO         5936    i.Usart_SendAll     serial.o
    0x080029a4   0x080029a4   0x000000b4   Code   RO         5773    i.f_get_timebase_flag  globalfunction.o
    0x08002a58   0x08002a58   0x0000029c   Code   RO         5664    i.main              main.o
    0x08002cf4   0x08002cf4   0x00000010   Code   RO         5480    i.xian_fu           motor.o
    0x08002d04   0x08002d04   0x00000062   Code   RO         6535    x$fpl$d2f           fz_wm.l(d2f.o)
    0x08002d66   0x08002d66   0x00000002   PAD
    0x08002d68   0x08002d68   0x000002b0   Code   RO         6538    x$fpl$ddiv          fz_wm.l(ddiv.o)
    0x08003018   0x08003018   0x0000002e   Code   RO         6542    x$fpl$dflt          fz_wm.l(dflt_clz.o)
    0x08003046   0x08003046   0x0000009c   Code   RO         6624    x$fpl$dnaninf       fz_wm.l(dnaninf.o)
    0x080030e2   0x080030e2   0x0000000c   Code   RO         6626    x$fpl$dretinf       fz_wm.l(dretinf.o)
    0x080030ee   0x080030ee   0x0000000a   Code   RO         6668    x$fpl$fpinit        fz_wm.l(fpinit.o)
    0x080030f8   0x080030f8   0x0000000a   Code   RO         6628    x$fpl$fretinf       fz_wm.l(fretinf.o)
    0x08003102   0x08003102   0x00000000   Code   RO         6630    x$fpl$usenofp       fz_wm.l(usenofp.o)
    0x08003102   0x08003102   0x000005f0   Data   RO         5818    .constdata          oled.o
    0x080036f2   0x080036f2   0x00000002   PAD
    0x080036f4   0x080036f4   0x00000020   Data   RO         6753    Region$$Table       anon$$obj.o


    Execution Region RW_IRAM1 (Exec base: 0x20000000, Load base: 0x08003714, Size: 0x000018a8, Max: 0x00020000, ABSOLUTE)

    Exec Addr    Load Addr    Size         Type   Attr      Idx    E Section Name        Object

    0x20000000   0x08003714   0x00000014   Data   RW            7    .data               system_stm32f4xx.o
    0x20000014   0x08003728   0x00000010   Data   RW         3086    .data               stm32f4xx_rcc.o
    0x20000024   0x08003738   0x00000008   Data   RW         5355    .data               delay.o
    0x2000002c   0x08003740   0x00000054   Data   RW         5481    .data               motor.o
    0x20000080   0x08003794   0x00000004   Data   RW         5665    .data               main.o
    0x20000084   0x08003798   0x00000024   Data   RW         5712    .data               pid.o
    0x200000a8   0x080037bc   0x00000004   Data   RW         5774    .data               globalfunction.o
    0x200000ac   0x080037c0   0x0000000e   Data   RW         5939    .data               serial.o
    0x200000ba   0x080037ce   0x00000006   PAD
    0x200000c0        -       0x00000160   Zero   RW         5743    .bss                protocol.o
    0x20000220        -       0x00001028   Zero   RW         5938    .bss                serial.o
    0x20001248        -       0x00000060   Zero   RW         6634    .bss                c_w.l(libspace.o)
    0x200012a8        -       0x00000200   Zero   RW          146    HEAP                startup_stm32f40_41xxx.o
    0x200014a8        -       0x00000400   Zero   RW          145    STACK               startup_stm32f40_41xxx.o


==============================================================================

Image component sizes


      Code (inc. data)   RO Data    RW Data    ZI Data      Debug   Object Name

       192         40          0          8          0      29886   delay.o
      1084         54          0          0          0       6699   encoder.o
      1046         28          0          0          0      13044   fashion_star_uart_servo.o
       180         10          0          4          0       1442   globalfunction.o
       668         50          0          4          0       1074   main.o
       140         24          0          0          0     239955   misc.o
      1176        100          0         84          0       7081   motor.o
       690         24       1520          0          0       6129   oled.o
       224         38          0         36          0       1437   pid.o
         0          0          0          0        352       1986   protocol.o
       436          0          0          0          0       9837   ring_buffer.o
      1320        148          0         14       4136       9703   serial.o
        64         26        392          0       1536        824   startup_stm32f40_41xxx.o
         0          0          0          0          0       1640   stm32f4xx_adc.o
         0          0          0          0          0      15372   stm32f4xx_dfsdm.o
       240          0          0          0          0      10501   stm32f4xx_gpio.o
        24          0          0          0          0       3660   stm32f4xx_it.o
       392         48          0         16          0       5857   stm32f4xx_rcc.o
      1826        120          0          0          0      38883   stm32f4xx_tim.o
       438          8          0          0          0      11481   stm32f4xx_usart.o
       340         32          0         20          0      54573   system_stm32f4xx.o
       348         34          0          0          0       2928   timer.o

    ----------------------------------------------------------------------
     10848        784       1946        188       6028     473992   Object Totals
         0          0         32          0          0          0   (incl. Generated)
        20          0          2          2          4          0   (incl. Padding)

    ----------------------------------------------------------------------

      Code (inc. data)   RO Data    RW Data    ZI Data      Debug   Library Member Name

         8          0          0          0          0         68   __main.o
         0          0          0          0          0          0   __rtentry.o
        12          0          0          0          0          0   __rtentry2.o
         6          0          0          0          0          0   __rtentry4.o
        52          8          0          0          0          0   __scatter.o
        26          0          0          0          0          0   __scatter_copy.o
        28          0          0          0          0          0   __scatter_zi.o
        18          0          0          0          0         80   exit.o
         6          0          0          0          0        152   heapauxi.o
         0          0          0          0          0          0   indicate_semi.o
         2          0          0          0          0          0   libinit.o
         6          0          0          0          0          0   libinit2.o
         2          0          0          0          0          0   libshutdown.o
         2          0          0          0          0          0   libshutdown2.o
         8          4          0          0         96         68   libspace.o
         2          0          0          0          0          0   rtexit.o
        10          0          0          0          0          0   rtexit2.o
        12          4          0          0          0         68   sys_exit.o
        74          0          0          0          0         80   sys_stackheap_outer.o
         2          0          0          0          0         68   use_no_semi.o
        98          4          0          0          0        140   d2f.o
       688        140          0          0          0        256   ddiv.o
        46          0          0          0          0        116   dflt_clz.o
       156          4          0          0          0        140   dnaninf.o
        12          0          0          0          0        116   dretinf.o
        10          0          0          0          0        116   fpinit.o
        10          0          0          0          0        116   fretinf.o
         0          0          0          0          0          0   usenofp.o

    ----------------------------------------------------------------------
      1306        164          0          0         96       1584   Library Totals
        10          0          0          0          0          0   (incl. Padding)

    ----------------------------------------------------------------------

      Code (inc. data)   RO Data    RW Data    ZI Data      Debug   Library Name

       276         16          0          0         96        584   c_w.l
      1020        148          0          0          0       1000   fz_wm.l

    ----------------------------------------------------------------------
      1306        164          0          0         96       1584   Library Totals

    ----------------------------------------------------------------------

==============================================================================


      Code (inc. data)   RO Data    RW Data    ZI Data      Debug   

     12154        948       1946        188       6124     462220   Grand Totals
     12154        948       1946        188       6124     462220   ELF Image Totals
     12154        948       1946        188          0          0   ROM Totals

==============================================================================

    Total RO  Size (Code + RO Data)                14100 (  13.77kB)
    Total RW  Size (RW Data + ZI Data)              6312 (   6.16kB)
    Total ROM Size (Code + RO Data + RW Data)      14288 (  13.95kB)

==============================================================================

